Archive member included to satisfy reference by file (symbol)

c:/program files (x86)/atmel/studio/7.0/toolchain/arm/arm-gnu-toolchain/bin/../lib/gcc/arm-none-eabi/6.3.1/thumb/v7e-m\libgcc.a(_arm_addsubdf3.o)
                              src/twihs_master_example.o (__aeabi_dadd)
c:/program files (x86)/atmel/studio/7.0/toolchain/arm/arm-gnu-toolchain/bin/../lib/gcc/arm-none-eabi/6.3.1/thumb/v7e-m\libgcc.a(_arm_muldivdf3.o)
                              src/twihs_master_example.o (__aeabi_dmul)
c:/program files (x86)/atmel/studio/7.0/toolchain/arm/arm-gnu-toolchain/bin/../lib/gcc/arm-none-eabi/6.3.1/thumb/v7e-m\libgcc.a(_arm_truncdfsf2.o)
                              src/twihs_master_example.o (__aeabi_d2f)
c:/program files (x86)/atmel/studio/7.0/toolchain/arm/arm-gnu-toolchain/bin/../lib/gcc/arm-none-eabi/6.3.1/../../../../arm-none-eabi/lib/thumb/v7e-m\libc.a(lib_a-exit.o)
                              c:/program files (x86)/atmel/studio/7.0/toolchain/arm/arm-gnu-toolchain/bin/../lib/gcc/arm-none-eabi/6.3.1/../../../../arm-none-eabi/lib/thumb/v7e-m/crt0.o (exit)
c:/program files (x86)/atmel/studio/7.0/toolchain/arm/arm-gnu-toolchain/bin/../lib/gcc/arm-none-eabi/6.3.1/../../../../arm-none-eabi/lib/thumb/v7e-m\libc.a(lib_a-impure.o)
                              c:/program files (x86)/atmel/studio/7.0/toolchain/arm/arm-gnu-toolchain/bin/../lib/gcc/arm-none-eabi/6.3.1/../../../../arm-none-eabi/lib/thumb/v7e-m\libc.a(lib_a-exit.o) (_global_impure_ptr)
c:/program files (x86)/atmel/studio/7.0/toolchain/arm/arm-gnu-toolchain/bin/../lib/gcc/arm-none-eabi/6.3.1/../../../../arm-none-eabi/lib/thumb/v7e-m\libc.a(lib_a-init.o)
                              c:/program files (x86)/atmel/studio/7.0/toolchain/arm/arm-gnu-toolchain/bin/../lib/gcc/arm-none-eabi/6.3.1/../../../../arm-none-eabi/lib/thumb/v7e-m/crt0.o (__libc_init_array)
c:/program files (x86)/atmel/studio/7.0/toolchain/arm/arm-gnu-toolchain/bin/../lib/gcc/arm-none-eabi/6.3.1/../../../../arm-none-eabi/lib/thumb/v7e-m\libc.a(lib_a-memset.o)
                              c:/program files (x86)/atmel/studio/7.0/toolchain/arm/arm-gnu-toolchain/bin/../lib/gcc/arm-none-eabi/6.3.1/../../../../arm-none-eabi/lib/thumb/v7e-m/crt0.o (memset)
c:/program files (x86)/atmel/studio/7.0/toolchain/arm/arm-gnu-toolchain/bin/../lib/gcc/arm-none-eabi/6.3.1/../../../../arm-none-eabi/lib/thumb/v7e-m\libc.a(lib_a-printf.o)
                              src/twihs_master_example.o (printf)
c:/program files (x86)/atmel/studio/7.0/toolchain/arm/arm-gnu-toolchain/bin/../lib/gcc/arm-none-eabi/6.3.1/../../../../arm-none-eabi/lib/thumb/v7e-m\libc.a(lib_a-putchar.o)
                              src/twihs_master_example.o (putchar)
c:/program files (x86)/atmel/studio/7.0/toolchain/arm/arm-gnu-toolchain/bin/../lib/gcc/arm-none-eabi/6.3.1/../../../../arm-none-eabi/lib/thumb/v7e-m\libc.a(lib_a-puts.o)
                              src/twihs_master_example.o (puts)
c:/program files (x86)/atmel/studio/7.0/toolchain/arm/arm-gnu-toolchain/bin/../lib/gcc/arm-none-eabi/6.3.1/../../../../arm-none-eabi/lib/thumb/v7e-m\libc.a(lib_a-setbuf.o)
                              src/twihs_master_example.o (setbuf)
c:/program files (x86)/atmel/studio/7.0/toolchain/arm/arm-gnu-toolchain/bin/../lib/gcc/arm-none-eabi/6.3.1/../../../../arm-none-eabi/lib/thumb/v7e-m\libc.a(lib_a-setvbuf.o)
                              c:/program files (x86)/atmel/studio/7.0/toolchain/arm/arm-gnu-toolchain/bin/../lib/gcc/arm-none-eabi/6.3.1/../../../../arm-none-eabi/lib/thumb/v7e-m\libc.a(lib_a-setbuf.o) (setvbuf)
c:/program files (x86)/atmel/studio/7.0/toolchain/arm/arm-gnu-toolchain/bin/../lib/gcc/arm-none-eabi/6.3.1/../../../../arm-none-eabi/lib/thumb/v7e-m\libc.a(lib_a-strlen.o)
                              c:/program files (x86)/atmel/studio/7.0/toolchain/arm/arm-gnu-toolchain/bin/../lib/gcc/arm-none-eabi/6.3.1/../../../../arm-none-eabi/lib/thumb/v7e-m\libc.a(lib_a-puts.o) (strlen)
c:/program files (x86)/atmel/studio/7.0/toolchain/arm/arm-gnu-toolchain/bin/../lib/gcc/arm-none-eabi/6.3.1/../../../../arm-none-eabi/lib/thumb/v7e-m\libc.a(lib_a-vfprintf.o)
                              c:/program files (x86)/atmel/studio/7.0/toolchain/arm/arm-gnu-toolchain/bin/../lib/gcc/arm-none-eabi/6.3.1/../../../../arm-none-eabi/lib/thumb/v7e-m\libc.a(lib_a-printf.o) (_vfprintf_r)
c:/program files (x86)/atmel/studio/7.0/toolchain/arm/arm-gnu-toolchain/bin/../lib/gcc/arm-none-eabi/6.3.1/../../../../arm-none-eabi/lib/thumb/v7e-m\libc.a(lib_a-wsetup.o)
                              c:/program files (x86)/atmel/studio/7.0/toolchain/arm/arm-gnu-toolchain/bin/../lib/gcc/arm-none-eabi/6.3.1/../../../../arm-none-eabi/lib/thumb/v7e-m\libc.a(lib_a-vfprintf.o) (__swsetup_r)
c:/program files (x86)/atmel/studio/7.0/toolchain/arm/arm-gnu-toolchain/bin/../lib/gcc/arm-none-eabi/6.3.1/../../../../arm-none-eabi/lib/thumb/v7e-m\libc.a(lib_a-__call_atexit.o)
[...]
Memory Configuration

Name             Origin             Length             Attributes
rom              0x00400000         0x00200000         xr
ram              0x20400000         0x00060000         xrw
*default*        0x00000000         0xffffffff

Linker script and memory map

LOAD c:/program files (x86)/atmel/studio/7.0/toolchain/arm/arm-gnu-toolchain/bin/../lib/gcc/arm-none-eabi/6.3.1/thumb/v7e-m/crti.o
LOAD c:/program files (x86)/atmel/studio/7.0/toolchain/arm/arm-gnu-toolchain/bin/../lib/gcc/arm-none-eabi/6.3.1/thumb/v7e-m/crtbegin.o
LOAD c:/program files (x86)/atmel/studio/7.0/toolchain/arm/arm-gnu-toolchain/bin/../lib/gcc/arm-none-eabi/6.3.1/../../../../arm-none-eabi/lib/thumb/v7e-m/crt0.o
LOAD src/ASF/common/services/clock/same70/sysclk.o
LOAD src/ASF/common/services/serial/usart_serial.o
LOAD src/ASF/common/utils/interrupt/interrupt_sam_nvic.o
LOAD src/ASF/common/utils/stdio/read.o
LOAD src/ASF/common/utils/stdio/write.o
LOAD src/ASF/sam/boards/same70_xplained/init.o
LOAD src/ASF/sam/drivers/mpu/mpu.o
LOAD src/ASF/sam/drivers/pio/pio.o
LOAD src/ASF/sam/drivers/pio/pio_handler.o
LOAD src/ASF/sam/drivers/pmc/pmc.o
LOAD src/ASF/sam/drivers/pmc/sleep.o
LOAD src/ASF/sam/drivers/twihs/twihs.o
LOAD src/ASF/sam/drivers/uart/uart.o
LOAD src/ASF/sam/drivers/usart/usart.o
LOAD src/ASF/sam/utils/cmsis/same70/source/templates/gcc/startup_same70.o
LOAD src/ASF/sam/utils/cmsis/same70/source/templates/system_same70.o
LOAD src/ASF/sam/utils/syscalls/gcc/syscalls.o
LOAD src/twihs_master_example.o
START GROUP
LOAD ../src/ASF/thirdparty/CMSIS/Lib/GCC\libarm_cortexM7lfsp_math_softfp.a
LOAD c:/program files (x86)/atmel/studio/7.0/toolchain/arm/arm-gnu-toolchain/bin/../lib/gcc/arm-none-eabi/6.3.1/../../../../arm-none-eabi/lib/thumb/v7e-m\libm.a
END GROUP
START GROUP
LOAD c:/program files (x86)/atmel/studio/7.0/toolchain/arm/arm-gnu-toolchain/bin/../lib/gcc/arm-none-eabi/6.3.1/thumb/v7e-m\libgcc.a
LOAD c:/program files (x86)/atmel/studio/7.0/toolchain/arm/arm-gnu-toolchain/bin/../lib/gcc/arm-none-eabi/6.3.1/../../../../arm-none-eabi/lib/thumb/v7e-m\libc.a
END GROUP
LOAD c:/program files (x86)/atmel/studio/7.0/toolchain/arm/arm-gnu-toolchain/bin/../lib/gcc/arm-none-eabi/6.3.1/thumb/v7e-m/crtend.o
LOAD c:/program files (x86)/atmel/studio/7.0/toolchain/arm/arm-gnu-toolchain/bin/../lib/gcc/arm-none-eabi/6.3.1/thumb/v7e-m/crtn.o
                0x00002000                STACK_SIZE = DEFINED (STACK_SIZE)?STACK_SIZE:0x2000
                0x2045fffc                __ram_end__ = ((ORIGIN (ram) + LENGTH (ram)) - 0x4)
                0x00000200                HEAP_SIZE = DEFINED (HEAP_SIZE)?HEAP_SIZE:0x200

.text           0x00400000     0x73f4
                0x00400000                . = ALIGN (0x4)
                0x00400000                _sfixed = .
 *(.vectors .vectors.*)
 .vectors       0x00400000      0x168 src/ASF/sam/utils/cmsis/same70/source/templates/gcc/startup_same70.o
                0x00400000                exception_table
 *(.text .text.* .gnu.linkonce.t.*)
 .text          0x00400168       0x6c c:/program files (x86)/atmel/studio/7.0/toolchain/arm/arm-gnu-toolchain/bin/../lib/gcc/arm-none-eabi/6.3.1/thumb/v7e-m/crtbegin.o
 .text.sysclk_init
                0x004001d4       0x70 src/ASF/common/services/clock/same70/sysclk.o
                0x004001d4                sysclk_init
 .text._read    0x00400244       0x3c src/ASF/common/utils/stdio/read.o
                0x00400244                _read
 .text._write   0x00400280       0x50 src/ASF/common/utils/stdio/write.o
                0x00400280                _write
 .text.board_init
                0x004002d0      0x1d4 src/ASF/sam/boards/same70_xplained/init.o
                0x004002d0                board_init
 .text.pio_set_peripheral
                0x004004a4       0x92 src/ASF/sam/drivers/pio/pio.o
                0x004004a4                pio_set_peripheral
 .text.pio_set_input
                0x00400536       0x36 src/ASF/sam/drivers/pio/pio.o
                0x00400536                pio_set_input
 .text.pio_set_output
                0x0040056c       0x28 src/ASF/sam/drivers/pio/pio.o
                0x0040056c                pio_set_output
 .text.pio_configure
                0x00400594       0x90 src/ASF/sam/drivers/pio/pio.o
                0x00400594                pio_configure
 .text.pio_get_interrupt_status
                0x00400624        0x4 src/ASF/sam/drivers/pio/pio.o
                0x00400624                pio_get_interrupt_status
 .text.pio_get_interrupt_mask
                0x00400628        0x4 src/ASF/sam/drivers/pio/pio.o
                0x00400628                pio_get_interrupt_mask
 .text.pio_handler_process
                0x0040062c       0x50 src/ASF/sam/drivers/pio/pio_handler.o
                0x0040062c                pio_handler_process
 .text.PIOA_Handler
                0x0040067c       0x14 src/ASF/sam/drivers/pio/pio_handler.o
                0x0040067c                PIOA_Handler
 .text.PIOB_Handler
                0x00400690       0x14 src/ASF/sam/drivers/pio/pio_handler.o
                0x00400690                PIOB_Handler
 .text.PIOC_Handler
                0x004006a4       0x14 src/ASF/sam/drivers/pio/pio_handler.o
                0x004006a4                PIOC_Handler
 .text.PIOD_Handler
                0x004006b8       0x14 src/ASF/sam/drivers/pio/pio_handler.o
                0x004006b8                PIOD_Handler
 .text.PIOE_Handler
                0x004006cc       0x14 src/ASF/sam/drivers/pio/pio_handler.o
                0x004006cc                PIOE_Handler
 .text.pmc_mck_set_division
                0x004006e0       0x38 src/ASF/sam/drivers/pmc/pmc.o
                0x004006e0                pmc_mck_set_division
 .text.pmc_switch_mck_to_pllack
                0x00400718       0x64 src/ASF/sam/drivers/pmc/pmc.o
                0x00400718                pmc_switch_mck_to_pllack
 .text.pmc_switch_mainck_to_xtal
                0x0040077c       0x54 src/ASF/sam/drivers/pmc/pmc.o
                0x0040077c                pmc_switch_mainck_to_xtal
 .text.pmc_osc_is_ready_mainck
                0x004007d0       0x10 src/ASF/sam/drivers/pmc/pmc.o
                0x004007d0                pmc_osc_is_ready_mainck
 .text.pmc_disable_pllack
                0x004007e0       0x10 src/ASF/sam/drivers/pmc/pmc.o
                0x004007e0                pmc_disable_pllack
 .text.pmc_is_locked_pllack
                0x004007f0       0x10 src/ASF/sam/drivers/pmc/pmc.o
                0x004007f0                pmc_is_locked_pllack
 .text.pmc_enable_periph_clk
                0x00400800       0x20 src/ASF/sam/drivers/pmc/pmc.o
                0x00400800                pmc_enable_periph_clk
 .text.twihs_set_speed
                0x00400820       0xb0 src/ASF/sam/drivers/twihs/twihs.o
                0x00400820                twihs_set_speed
 .text.twihs_master_init
                0x004008d0       0x34 src/ASF/sam/drivers/twihs/twihs.o
                0x004008d0                twihs_master_init
 .text.twihs_master_read
                0x00400904       0xae src/ASF/sam/drivers/twihs/twihs.o
                0x00400904                twihs_master_read
 .text.twihs_master_write
                0x004009b2       0xa0 src/ASF/sam/drivers/twihs/twihs.o
                0x004009b2                twihs_master_write
 .text.uart_write
                0x00400a52       0x12 src/ASF/sam/drivers/uart/uart.o
                0x00400a52                uart_write
 .text.uart_read
                0x00400a64       0x14 src/ASF/sam/drivers/uart/uart.o
                0x00400a64                uart_read
 .text.usart_set_async_baudrate
                0x00400a78       0x5a src/ASF/sam/drivers/usart/usart.o
                0x00400a78                usart_set_async_baudrate
 *fill*         0x00400ad2        0x2 
 .text.usart_reset
                0x00400ad4       0x28 src/ASF/sam/drivers/usart/usart.o
                0x00400ad4                usart_reset
 .text.usart_init_rs232
                0x00400afc       0x54 src/ASF/sam/drivers/usart/usart.o
                0x00400afc                usart_init_rs232
 .text.usart_enable_tx
                0x00400b50        0x6 src/ASF/sam/drivers/usart/usart.o
                0x00400b50                usart_enable_tx
 .text.usart_enable_rx
                0x00400b56        0x6 src/ASF/sam/drivers/usart/usart.o
                0x00400b56                usart_enable_rx
 .text.usart_write
                0x00400b5c       0x16 src/ASF/sam/drivers/usart/usart.o
                0x00400b5c                usart_write
 .text.usart_read
                0x00400b72       0x18 src/ASF/sam/drivers/usart/usart.o
                0x00400b72                usart_read
 .text.Dummy_Handler
                0x00400b8a        0x2 src/ASF/sam/utils/cmsis/same70/source/templates/gcc/startup_same70.o
                0x00400b8a                DACC_Handler
                0x00400b8a                DebugMon_Handler
                0x00400b8a                UART3_Handler
                0x00400b8a                UART2_Handler
                0x00400b8a                TRNG_Handler
                0x00400b8a                HardFault_Handler
                0x00400b8a                TC2_Handler
                0x00400b8a                AFEC1_Handler
                0x00400b8a                PendSV_Handler
                0x00400b8a                NMI_Handler
                0x00400b8a                TC7_Handler
                0x00400b8a                QSPI_Handler
                0x00400b8a                ISI_Handler
                0x00400b8a                MCAN0_INT0_Handler
                0x00400b8a                TC9_Handler
                0x00400b8a                RSWDT_Handler
                0x00400b8a                USART0_Handler
                0x00400b8a                RTT_Handler
                0x00400b8a                USBHS_Handler
                0x00400b8a                IXC_Handler
                0x00400b8a                CCF_Handler
                0x00400b8a                RTC_Handler
                0x00400b8a                UsageFault_Handler
                0x00400b8a                TC6_Handler
                0x00400b8a                WDT_Handler
                0x00400b8a                MCAN1_INT1_Handler
                0x00400b8a                TC4_Handler
                0x00400b8a                TC1_Handler
                0x00400b8a                HSMCI_Handler
                0x00400b8a                UART1_Handler
                0x00400b8a                TC3_Handler
                0x00400b8a                Dummy_Handler
                0x00400b8a                TWIHS1_Handler
                0x00400b8a                XDMAC_Handler
                0x00400b8a                UART4_Handler
                0x00400b8a                PWM1_Handler
                0x00400b8a                USART1_Handler
                0x00400b8a                PWM0_Handler
                0x00400b8a                AFEC0_Handler
                0x00400b8a                CCW_Handler
                0x00400b8a                SSC_Handler
                0x00400b8a                TC11_Handler
                0x00400b8a                ACC_Handler
                0x00400b8a                PMC_Handler
                0x00400b8a                GMAC_Handler
                0x00400b8a                MCAN0_INT1_Handler
                0x00400b8a                GMAC_Q5_Handler
                0x00400b8a                MemManage_Handler
                0x00400b8a                SUPC_Handler
                0x00400b8a                SVC_Handler
                0x00400b8a                TC8_Handler
                0x00400b8a                MCAN1_INT0_Handler
                0x00400b8a                EFC_Handler
                0x00400b8a                GMAC_Q1_Handler
                0x00400b8a                USART2_Handler
                0x00400b8a                SDRAMC_Handler
                0x00400b8a                GMAC_Q2_Handler
                0x00400b8a                SPI1_Handler
                0x00400b8a                TC10_Handler
                0x00400b8a                GMAC_Q3_Handler
                0x00400b8a                TWIHS2_Handler
                0x00400b8a                I2SC0_Handler
                0x00400b8a                UART0_Handler
                0x00400b8a                I2SC1_Handler
                0x00400b8a                GMAC_Q4_Handler
                0x00400b8a                FPU_Handler
                0x00400b8a                BusFault_Handler
                0x00400b8a                RSTC_Handler
                0x00400b8a                TC0_Handler
                0x00400b8a                TC5_Handler
                0x00400b8a                ICM_Handler
                0x00400b8a                AES_Handler
                0x00400b8a                TWIHS0_Handler
                0x00400b8a                SPI0_Handler
 .text.Reset_Handler
                0x00400b8c       0xc8 src/ASF/sam/utils/cmsis/same70/source/templates/gcc/startup_same70.o
                0x00400b8c                Reset_Handler
 .text.SystemCoreClockUpdate
                0x00400c54      0x10c src/ASF/sam/utils/cmsis/same70/source/templates/system_same70.o
                0x00400c54                SystemCoreClockUpdate
 .text.system_init_flash
                0x00400d60       0x8c src/ASF/sam/utils/cmsis/same70/source/templates/system_same70.o
                0x00400d60                system_init_flash
 .text._sbrk    0x00400dec       0x38 src/ASF/sam/utils/syscalls/gcc/syscalls.o
                0x00400dec                _sbrk
 .text._close   0x00400e24        0x6 src/ASF/sam/utils/syscalls/gcc/syscalls.o
                0x00400e24                _close
 .text._fstat   0x00400e2a        0xa src/ASF/sam/utils/syscalls/gcc/syscalls.o
                0x00400e2a                _fstat
 .text._isatty  0x00400e34        0x4 src/ASF/sam/utils/syscalls/gcc/syscalls.o
                0x00400e34                _isatty
 .text._lseek   0x00400e38        0x4 src/ASF/sam/utils/syscalls/gcc/syscalls.o
                0x00400e38                _lseek
 .text.mdelay   0x00400e3c       0x14 src/twihs_master_example.o
 .text.usart_serial_getchar
                0x00400e50       0xdc src/twihs_master_example.o
 .text.usart_serial_putchar
                0x00400f2c       0xd4 src/twihs_master_example.o
 .text.SysTick_Handler
                0x00401000       0x10 src/twihs_master_example.o
                0x00401000                SysTick_Handler
 .text.max30100_read
                0x00401010       0x40 src/twihs_master_example.o
                0x00401010                max30100_read
 .text.max30100_read_reg
                0x00401050       0x74 src/twihs_master_example.o
                0x00401050                max30100_read_reg
 .text.max30100_write_reg
                0x004010c4       0x48 src/twihs_master_example.o
                0x004010c4                max30100_write_reg
 .text.max30100_write8
                0x0040110c       0x50 src/twihs_master_example.o
                0x0040110c                max30100_write8
 .text.max30100_read_reg8
                0x0040115c       0x1c src/twihs_master_example.o
                0x0040115c                max30100_read_reg8
 .text.max30100_write_reg8
                0x00401178       0x1c src/twihs_master_example.o
                0x00401178                max30100_write_reg8
 .text.max30100_init
                0x00401194       0x88 src/twihs_master_example.o
                0x00401194                max30100_init
 .text.max30100_setspo2samplerate
                0x0040121c       0x24 src/twihs_master_example.o
                0x0040121c                max30100_setspo2samplerate
 .text.max30100_getspo2samplerate
                0x00401240       0x14 src/twihs_master_example.o
                0x00401240                max30100_getspo2samplerate
 .text.max30100_readfifo
                0x00401254       0x98 src/twihs_master_example.o
                0x00401254                max30100_readfifo
 .text.max30100_start_read
                0x004012ec       0x2c src/twihs_master_example.o
                0x004012ec                max30100_start_read
 .text.max30100_set_led_pulse_width
                0x00401318       0x20 src/twihs_master_example.o
                0x00401318                max30100_set_led_pulse_width
 .text.max30100_get_led_pulse_width
                0x00401338       0x14 src/twihs_master_example.o
                0x00401338                max30100_get_led_pulse_width
 .text.max30100_set_red_led_current
                0x0040134c       0x24 src/twihs_master_example.o
                0x0040134c                max30100_set_red_led_current
 .text.max30100_get_red_led_current
                0x00401370       0x14 src/twihs_master_example.o
                0x00401370                max30100_get_red_led_current
 .text.max30100_set_ir_led_current
                0x00401384       0x20 src/twihs_master_example.o
                0x00401384                max30100_set_ir_led_current
 .text.max30100_get_ir_led_current
                0x004013a4       0x14 src/twihs_master_example.o
                0x004013a4                max30100_get_ir_led_current
 .text.main     0x004013b8      0x344 src/twihs_master_example.o
                0x004013b8                main
 .text          0x004016fc      0x370 c:/program files (x86)/atmel/studio/7.0/toolchain/arm/arm-gnu-toolchain/bin/../lib/gcc/arm-none-eabi/6.3.1/thumb/v7e-m\libgcc.a(_arm_addsubdf3.o)
                0x004016fc                __aeabi_drsub
                0x00401704                __aeabi_dsub
                0x00401704                __subdf3
                0x00401708                __aeabi_dadd
                0x00401708                __adddf3
                0x00401980                __floatunsidf
                0x00401980                __aeabi_ui2d
                0x004019a0                __floatsidf
                0x004019a0                __aeabi_i2d
                0x004019c4                __aeabi_f2d
                0x004019c4                __extendsfdf2
                0x00401a00                __floatundidf
                0x00401a00                __aeabi_ul2d
                0x00401a10                __floatdidf
                0x00401a10                __aeabi_l2d
 .text          0x00401a6c      0x424 c:/program files (x86)/atmel/studio/7.0/toolchain/arm/arm-gnu-toolchain/bin/../lib/gcc/arm-none-eabi/6.3.1/thumb/v7e-m\libgcc.a(_arm_muldivdf3.o)
                0x00401a6c                __aeabi_dmul
                0x00401a6c                __muldf3
                0x00401cc0                __divdf3
                0x00401cc0                __aeabi_ddiv
 .text.__libc_init_array
                0x00401e90       0x50 c:/program files (x86)/atmel/studio/7.0/toolchain/arm/arm-gnu-toolchain/bin/../lib/gcc/arm-none-eabi/6.3.1/../../../../arm-none-eabi/lib/thumb/v7e-m\libc.a(lib_a-init.o)
                0x00401e90                __libc_init_array
 .text.memset   0x00401ee0       0x9c c:/program files (x86)/atmel/studio/7.0/toolchain/arm/arm-gnu-toolchain/bin/../lib/gcc/arm-none-eabi/6.3.1/../../../../arm-none-eabi/lib/thumb/v7e-m\libc.a(lib_a-memset.o)
                0x00401ee0                memset
 .text.printf   0x00401f7c       0x28 c:/program files (x86)/atmel/studio/7.0/toolchain/arm/arm-gnu-toolchain/bin/../lib/gcc/arm-none-eabi/6.3.1/../../../../arm-none-eabi/lib/thumb/v7e-m\libc.a(lib_a-printf.o)
                0x00401f7c                printf
 .text.putchar  0x00401fa4       0x14 c:/program files (x86)/atmel/studio/7.0/toolchain/arm/arm-gnu-toolchain/bin/../lib/gcc/arm-none-eabi/6.3.1/../../../../arm-none-eabi/lib/thumb/v7e-m\libc.a(lib_a-putchar.o)
                0x00401fa4                putchar
 .text._puts_r  0x00401fb8       0x9c c:/program files (x86)/atmel/studio/7.0/toolchain/arm/arm-gnu-toolchain/bin/../lib/gcc/arm-none-eabi/6.3.1/../../../../arm-none-eabi/lib/thumb/v7e-m\libc.a(lib_a-puts.o)
                0x00401fb8                _puts_r
 .text.puts     0x00402054       0x10 c:/program files (x86)/atmel/studio/7.0/toolchain/arm/arm-gnu-toolchain/bin/../lib/gcc/arm-none-eabi/6.3.1/../../../../arm-none-eabi/lib/thumb/v7e-m\libc.a(lib_a-puts.o)
                0x00402054                puts
 .text.setbuf   0x00402064       0x10 c:/program files (x86)/atmel/studio/7.0/toolchain/arm/arm-gnu-toolchain/bin/../lib/gcc/arm-none-eabi/6.3.1/../../../../arm-none-eabi/lib/thumb/v7e-m\libc.a(lib_a-setbuf.o)
                0x00402064                setbuf
 .text.setvbuf  0x00402074      0x190 c:/program files (x86)/atmel/studio/7.0/toolchain/arm/arm-gnu-toolchain/bin/../lib/gcc/arm-none-eabi/6.3.1/../../../../arm-none-eabi/lib/thumb/v7e-m\libc.a(lib_a-setvbuf.o)
                0x00402074                setvbuf
 *fill*         0x00402204       0x3c 
 .text          0x00402240       0xdc c:/program files (x86)/atmel/studio/7.0/toolchain/arm/arm-gnu-toolchain/bin/../lib/gcc/arm-none-eabi/6.3.1/../../../../arm-none-eabi/lib/thumb/v7e-m\libc.a(lib_a-strlen.o)
                0x00402240                strlen
 .text._vfprintf_r
                0x0040231c     0x1558 c:/program files (x86)/atmel/studio/7.0/toolchain/arm/arm-gnu-toolchain/bin/../lib/gcc/arm-none-eabi/6.3.1/../../../../arm-none-eabi/lib/thumb/v7e-m\libc.a(lib_a-vfprintf.o)
                0x0040231c                _vfprintf_r
 .text.__sbprintf
                0x00403874       0x84 c:/program files (x86)/atmel/studio/7.0/toolchain/arm/arm-gnu-toolchain/bin/../lib/gcc/arm-none-eabi/6.3.1/../../../../arm-none-eabi/lib/thumb/v7e-m\libc.a(lib_a-vfprintf.o)
 .text.__swsetup_r
                0x004038f8       0xc8 c:/program files (x86)/atmel/studio/7.0/toolchain/arm/arm-gnu-toolchain/bin/../lib/gcc/arm-none-eabi/6.3.1/../../../../arm-none-eabi/lib/thumb/v7e-m\libc.a(lib_a-wsetup.o)
                0x004038f8                __swsetup_r
 .text.startup.register_fini
                0x004039c0       0x14 c:/program files (x86)/atmel/studio/7.0/toolchain/arm/arm-gnu-toolchain/bin/../lib/gcc/arm-none-eabi/6.3.1/../../../../arm-none-eabi/lib/thumb/v7e-m\libc.a(lib_a-__call_atexit.o)
 .text.atexit   0x004039d4        0xc c:/program files (x86)/atmel/studio/7.0/toolchain/arm/arm-gnu-toolchain/bin/../lib/gcc/arm-none-eabi/6.3.1/../../../../arm-none-eabi/lib/thumb/v7e-m\libc.a(lib_a-atexit.o)
                0x004039d4                atexit
 .text.quorem   0x004039e0      0x128 c:/program files (x86)/atmel/studio/7.0/toolchain/arm/arm-gnu-toolchain/bin/../lib/gcc/arm-none-eabi/6.3.1/../../../../arm-none-eabi/lib/thumb/v7e-m\libc.a(lib_a-dtoa.o)
 .text._dtoa_r  0x00403b08      0xe54 c:/program files (x86)/atmel/studio/7.0/toolchain/arm/arm-gnu-toolchain/bin/../lib/gcc/arm-none-eabi/6.3.1/../../../../arm-none-eabi/lib/thumb/v7e-m\libc.a(lib_a-dtoa.o)
                0x00403b08                _dtoa_r
 .text.__sflush_r
                0x0040495c      0x140 c:/program files (x86)/atmel/studio/7.0/toolchain/arm/arm-gnu-toolchain/bin/../lib/gcc/arm-none-eabi/6.3.1/../../../../arm-none-eabi/lib/thumb/v7e-m\libc.a(lib_a-fflush.o)
                0x0040495c                __sflush_r
 .text._fflush_r
                0x00404a9c       0x54 c:/program files (x86)/atmel/studio/7.0/toolchain/arm/arm-gnu-toolchain/bin/../lib/gcc/arm-none-eabi/6.3.1/../../../../arm-none-eabi/lib/thumb/v7e-m\libc.a(lib_a-fflush.o)
                0x00404a9c                _fflush_r
 .text._cleanup_r
                0x00404af0        0xc c:/program files (x86)/atmel/studio/7.0/toolchain/arm/arm-gnu-toolchain/bin/../lib/gcc/arm-none-eabi/6.3.1/../../../../arm-none-eabi/lib/thumb/v7e-m\libc.a(lib_a-findfp.o)
                0x00404af0                _cleanup_r
 .text.std.isra.0
                0x00404afc       0x50 c:/program files (x86)/atmel/studio/7.0/toolchain/arm/arm-gnu-toolchain/bin/../lib/gcc/arm-none-eabi/6.3.1/../../../../arm-none-eabi/lib/thumb/v7e-m\libc.a(lib_a-findfp.o)
 .text.__sinit  0x00404b4c       0x58 c:/program files (x86)/atmel/studio/7.0/toolchain/arm/arm-gnu-toolchain/bin/../lib/gcc/arm-none-eabi/6.3.1/../../../../arm-none-eabi/lib/thumb/v7e-m\libc.a(lib_a-findfp.o)
                0x00404b4c                __sinit
 .text.__sfp_lock_acquire
                0x00404ba4        0xc c:/program files (x86)/atmel/studio/7.0/toolchain/arm/arm-gnu-toolchain/bin/../lib/gcc/arm-none-eabi/6.3.1/../../../../arm-none-eabi/lib/thumb/v7e-m\libc.a(lib_a-findfp.o)
                0x00404ba4                __sfp_lock_acquire
 .text.__sfp_lock_release
                0x00404bb0        0xc c:/program files (x86)/atmel/studio/7.0/toolchain/arm/arm-gnu-toolchain/bin/../lib/gcc/arm-none-eabi/6.3.1/../../../../arm-none-eabi/lib/thumb/v7e-m\libc.a(lib_a-findfp.o)
                0x00404bb0                __sfp_lock_release
 .text.__libc_fini_array
                0x00404bbc       0x34 c:/program files (x86)/atmel/studio/7.0/toolchain/arm/arm-gnu-toolchain/bin/../lib/gcc/arm-none-eabi/6.3.1/../../../../arm-none-eabi/lib/thumb/v7e-m\libc.a(lib_a-fini.o)
                0x00404bbc                __libc_fini_array
 .text._malloc_trim_r
                0x00404bf0       0xa0 c:/program files (x86)/atmel/studio/7.0/toolchain/arm/arm-gnu-toolchain/bin/../lib/gcc/arm-none-eabi/6.3.1/../../../../arm-none-eabi/lib/thumb/v7e-m\libc.a(lib_a-freer.o)
                0x00404bf0                _malloc_trim_r
 .text._free_r  0x00404c90      0x1cc c:/program files (x86)/atmel/studio/7.0/toolchain/arm/arm-gnu-toolchain/bin/../lib/gcc/arm-none-eabi/6.3.1/../../../../arm-none-eabi/lib/thumb/v7e-m\libc.a(lib_a-freer.o)
                0x00404c90                _free_r
 .text.__sfvwrite_r
                0x00404e5c      0x2f0 c:/program files (x86)/atmel/studio/7.0/toolchain/arm/arm-gnu-toolchain/bin/../lib/gcc/arm-none-eabi/6.3.1/../../../../arm-none-eabi/lib/thumb/v7e-m\libc.a(lib_a-fvwrite.o)
                0x00404e5c                __sfvwrite_r
 .text._fwalk_reent
                0x0040514c       0x54 c:/program files (x86)/atmel/studio/7.0/toolchain/arm/arm-gnu-toolchain/bin/../lib/gcc/arm-none-eabi/6.3.1/../../../../arm-none-eabi/lib/thumb/v7e-m\libc.a(lib_a-fwalk.o)
                0x0040514c                _fwalk_reent
 .text._localeconv_r
                0x004051a0       0x1c c:/program files (x86)/atmel/studio/7.0/toolchain/arm/arm-gnu-toolchain/bin/../lib/gcc/arm-none-eabi/6.3.1/../../../../arm-none-eabi/lib/thumb/v7e-m\libc.a(lib_a-localeconv.o)
                0x004051a0                _localeconv_r
 .text.__retarget_lock_init_recursive
                0x004051bc        0x4 c:/program files (x86)/atmel/studio/7.0/toolchain/arm/arm-gnu-toolchain/bin/../lib/gcc/arm-none-eabi/6.3.1/../../../../arm-none-eabi/lib/thumb/v7e-m\libc.a(lib_a-lock.o)
                0x004051bc                __retarget_lock_init_recursive
 .text.__retarget_lock_close_recursive
                0x004051c0        0x4 c:/program files (x86)/atmel/studio/7.0/toolchain/arm/arm-gnu-toolchain/bin/../lib/gcc/arm-none-eabi/6.3.1/../../../../arm-none-eabi/lib/thumb/v7e-m\libc.a(lib_a-lock.o)
                0x004051c0                __retarget_lock_close_recursive
 .text.__retarget_lock_acquire_recursive
                0x004051c4        0x4 c:/program files (x86)/atmel/studio/7.0/toolchain/arm/arm-gnu-toolchain/bin/../lib/gcc/arm-none-eabi/6.3.1/../../../../arm-none-eabi/lib/thumb/v7e-m\libc.a(lib_a-lock.o)
                0x004051c4                __retarget_lock_acquire_recursive
 .text.__retarget_lock_release_recursive
                0x004051c8        0x4 c:/program files (x86)/atmel/studio/7.0/toolchain/arm/arm-gnu-toolchain/bin/../lib/gcc/arm-none-eabi/6.3.1/../../../../arm-none-eabi/lib/thumb/v7e-m\libc.a(lib_a-lock.o)
                0x004051c8                __retarget_lock_release_recursive
 .text.__swhatbuf_r
                0x004051cc       0x5c c:/program files (x86)/atmel/studio/7.0/toolchain/arm/arm-gnu-toolchain/bin/../lib/gcc/arm-none-eabi/6.3.1/../../../../arm-none-eabi/lib/thumb/v7e-m\libc.a(lib_a-makebuf.o)
                0x004051cc                __swhatbuf_r
 .text.__smakebuf_r
                0x00405228       0x94 c:/program files (x86)/atmel/studio/7.0/toolchain/arm/arm-gnu-toolchain/bin/../lib/gcc/arm-none-eabi/6.3.1/../../../../arm-none-eabi/lib/thumb/v7e-m\libc.a(lib_a-makebuf.o)
                0x00405228                __smakebuf_r
 .text.malloc   0x004052bc       0x10 c:/program files (x86)/atmel/studio/7.0/toolchain/arm/arm-gnu-toolchain/bin/../lib/gcc/arm-none-eabi/6.3.1/../../../../arm-none-eabi/lib/thumb/v7e-m\libc.a(lib_a-malloc.o)
                0x004052bc                malloc
 .text._malloc_r
                0x004052cc      0x560 c:/program files (x86)/atmel/studio/7.0/toolchain/arm/arm-gnu-toolchain/bin/../lib/gcc/arm-none-eabi/6.3.1/../../../../arm-none-eabi/lib/thumb/v7e-m\libc.a(lib_a-mallocr.o)
                0x004052cc                _malloc_r
 *fill*         0x0040582c        0x4 
 .text          0x00405830       0xa0 c:/program files (x86)/atmel/studio/7.0/toolchain/arm/arm-gnu-toolchain/bin/../lib/gcc/arm-none-eabi/6.3.1/../../../../arm-none-eabi/lib/thumb/v7e-m\libc.a(lib_a-memchr.o)
                0x00405830                memchr
 .text          0x004058d0      0x134 c:/program files (x86)/atmel/studio/7.0/toolchain/arm/arm-gnu-toolchain/bin/../lib/gcc/arm-none-eabi/6.3.1/../../../../arm-none-eabi/lib/thumb/v7e-m\libc.a(lib_a-memcpy.o)
                0x004058d0                memcpy
 .text.memmove  0x00405a04       0xc8 c:/program files (x86)/atmel/studio/7.0/toolchain/arm/arm-gnu-toolchain/bin/../lib/gcc/arm-none-eabi/6.3.1/../../../../arm-none-eabi/lib/thumb/v7e-m\libc.a(lib_a-memmove.o)
                0x00405a04                memmove
 .text.__malloc_lock
                0x00405acc        0xc c:/program files (x86)/atmel/studio/7.0/toolchain/arm/arm-gnu-toolchain/bin/../lib/gcc/arm-none-eabi/6.3.1/../../../../arm-none-eabi/lib/thumb/v7e-m\libc.a(lib_a-mlock.o)
                0x00405acc                __malloc_lock
 .text.__malloc_unlock
                0x00405ad8        0xc c:/program files (x86)/atmel/studio/7.0/toolchain/arm/arm-gnu-toolchain/bin/../lib/gcc/arm-none-eabi/6.3.1/../../../../arm-none-eabi/lib/thumb/v7e-m\libc.a(lib_a-mlock.o)
                0x00405ad8                __malloc_unlock
 .text._Balloc  0x00405ae4       0x4c c:/program files (x86)/atmel/studio/7.0/toolchain/arm/arm-gnu-toolchain/bin/../lib/gcc/arm-none-eabi/6.3.1/../../../../arm-none-eabi/lib/thumb/v7e-m\libc.a(lib_a-mprec.o)
                0x00405ae4                _Balloc
 .text._Bfree   0x00405b30       0x14 c:/program files (x86)/atmel/studio/7.0/toolchain/arm/arm-gnu-toolchain/bin/../lib/gcc/arm-none-eabi/6.3.1/../../../../arm-none-eabi/lib/thumb/v7e-m\libc.a(lib_a-mprec.o)
                0x00405b30                _Bfree
 .text.__multadd
                0x00405b44       0x80 c:/program files (x86)/atmel/studio/7.0/toolchain/arm/arm-gnu-toolchain/bin/../lib/gcc/arm-none-eabi/6.3.1/../../../../arm-none-eabi/lib/thumb/v7e-m\libc.a(lib_a-mprec.o)
                0x00405b44                __multadd
 .text.__hi0bits
                0x00405bc4       0x40 c:/program files (x86)/atmel/studio/7.0/toolchain/arm/arm-gnu-toolchain/bin/../lib/gcc/arm-none-eabi/6.3.1/../../../../arm-none-eabi/lib/thumb/v7e-m\libc.a(lib_a-mprec.o)
                0x00405bc4                __hi0bits
 .text.__lo0bits
                0x00405c04       0x60 c:/program files (x86)/atmel/studio/7.0/toolchain/arm/arm-gnu-toolchain/bin/../lib/gcc/arm-none-eabi/6.3.1/../../../../arm-none-eabi/lib/thumb/v7e-m\libc.a(lib_a-mprec.o)
                0x00405c04                __lo0bits
 .text.__i2b    0x00405c64       0x14 c:/program files (x86)/atmel/studio/7.0/toolchain/arm/arm-gnu-toolchain/bin/../lib/gcc/arm-none-eabi/6.3.1/../../../../arm-none-eabi/lib/thumb/v7e-m\libc.a(lib_a-mprec.o)
                0x00405c64                __i2b
 .text.__multiply
                0x00405c78      0x124 c:/program files (x86)/atmel/studio/7.0/toolchain/arm/arm-gnu-toolchain/bin/../lib/gcc/arm-none-eabi/6.3.1/../../../../arm-none-eabi/lib/thumb/v7e-m\libc.a(lib_a-mprec.o)
                0x00405c78                __multiply
 .text.__pow5mult
                0x00405d9c       0xa0 c:/program files (x86)/atmel/studio/7.0/toolchain/arm/arm-gnu-toolchain/bin/../lib/gcc/arm-none-eabi/6.3.1/../../../../arm-none-eabi/lib/thumb/v7e-m\libc.a(lib_a-mprec.o)
                0x00405d9c                __pow5mult
 .text.__lshift
                0x00405e3c       0xa4 c:/program files (x86)/atmel/studio/7.0/toolchain/arm/arm-gnu-toolchain/bin/../lib/gcc/arm-none-eabi/6.3.1/../../../../arm-none-eabi/lib/thumb/v7e-m\libc.a(lib_a-mprec.o)
                0x00405e3c                __lshift
 .text.__mcmp   0x00405ee0       0x38 c:/program files (x86)/atmel/studio/7.0/toolchain/arm/arm-gnu-toolchain/bin/../lib/gcc/arm-none-eabi/6.3.1/../../../../arm-none-eabi/lib/thumb/v7e-m\libc.a(lib_a-mprec.o)
                0x00405ee0                __mcmp
 .text.__mdiff  0x00405f18      0x108 c:/program files (x86)/atmel/studio/7.0/toolchain/arm/arm-gnu-toolchain/bin/../lib/gcc/arm-none-eabi/6.3.1/../../../../arm-none-eabi/lib/thumb/v7e-m\libc.a(lib_a-mprec.o)
                0x00405f18                __mdiff
 .text.__d2b    0x00406020       0xb8 c:/program files (x86)/atmel/studio/7.0/toolchain/arm/arm-gnu-toolchain/bin/../lib/gcc/arm-none-eabi/6.3.1/../../../../arm-none-eabi/lib/thumb/v7e-m\libc.a(lib_a-mprec.o)
                0x00406020                __d2b
 .text._putc_r  0x004060d8       0x70 c:/program files (x86)/atmel/studio/7.0/toolchain/arm/arm-gnu-toolchain/bin/../lib/gcc/arm-none-eabi/6.3.1/../../../../arm-none-eabi/lib/thumb/v7e-m\libc.a(lib_a-putc.o)
                0x004060d8                _putc_r
 .text._realloc_r
                0x00406148      0x34c c:/program files (x86)/atmel/studio/7.0/toolchain/arm/arm-gnu-toolchain/bin/../lib/gcc/arm-none-eabi/6.3.1/../../../../arm-none-eabi/lib/thumb/v7e-m\libc.a(lib_a-reallocr.o)
                0x00406148                _realloc_r
 .text._sbrk_r  0x00406494       0x24 c:/program files (x86)/atmel/studio/7.0/toolchain/arm/arm-gnu-toolchain/bin/../lib/gcc/arm-none-eabi/6.3.1/../../../../arm-none-eabi/lib/thumb/v7e-m\libc.a(lib_a-sbrkr.o)
                0x00406494                _sbrk_r
 .text.__sread  0x004064b8       0x24 c:/program files (x86)/atmel/studio/7.0/toolchain/arm/arm-gnu-toolchain/bin/../lib/gcc/arm-none-eabi/6.3.1/../../../../arm-none-eabi/lib/thumb/v7e-m\libc.a(lib_a-stdio.o)
                0x004064b8                __sread
 .text.__swrite
                0x004064dc       0x3c c:/program files (x86)/atmel/studio/7.0/toolchain/arm/arm-gnu-toolchain/bin/../lib/gcc/arm-none-eabi/6.3.1/../../../../arm-none-eabi/lib/thumb/v7e-m\libc.a(lib_a-stdio.o)
                0x004064dc                __swrite
 .text.__sseek  0x00406518       0x20 c:/program files (x86)/atmel/studio/7.0/toolchain/arm/arm-gnu-toolchain/bin/../lib/gcc/arm-none-eabi/6.3.1/../../../../arm-none-eabi/lib/thumb/v7e-m\libc.a(lib_a-stdio.o)
                0x00406518                __sseek
 .text.__sclose
                0x00406538        0x8 c:/program files (x86)/atmel/studio/7.0/toolchain/arm/arm-gnu-toolchain/bin/../lib/gcc/arm-none-eabi/6.3.1/../../../../arm-none-eabi/lib/thumb/v7e-m\libc.a(lib_a-stdio.o)
                0x00406538                __sclose
 .text.__sprint_r.part.0
                0x00406540       0x80 c:/program files (x86)/atmel/studio/7.0/toolchain/arm/arm-gnu-toolchain/bin/../lib/gcc/arm-none-eabi/6.3.1/../../../../arm-none-eabi/lib/thumb/v7e-m\libc.a(lib_a-vfiprintf.o)
 .text.__sprint_r
                0x004065c0       0x14 c:/program files (x86)/atmel/studio/7.0/toolchain/arm/arm-gnu-toolchain/bin/../lib/gcc/arm-none-eabi/6.3.1/../../../../arm-none-eabi/lib/thumb/v7e-m\libc.a(lib_a-vfiprintf.o)
                0x004065c0                __sprint_r
 .text.__swbuf_r
                0x004065d4       0xb0 c:/program files (x86)/atmel/studio/7.0/toolchain/arm/arm-gnu-toolchain/bin/../lib/gcc/arm-none-eabi/6.3.1/../../../../arm-none-eabi/lib/thumb/v7e-m\libc.a(lib_a-wbuf.o)
                0x004065d4                __swbuf_r
 .text._write_r
                0x00406684       0x2c c:/program files (x86)/atmel/studio/7.0/toolchain/arm/arm-gnu-toolchain/bin/../lib/gcc/arm-none-eabi/6.3.1/../../../../arm-none-eabi/lib/thumb/v7e-m\libc.a(lib_a-writer.o)
                0x00406684                _write_r
 .text.__register_exitproc
                0x004066b0       0xc4 c:/program files (x86)/atmel/studio/7.0/toolchain/arm/arm-gnu-toolchain/bin/../lib/gcc/arm-none-eabi/6.3.1/../../../../arm-none-eabi/lib/thumb/v7e-m\libc.a(lib_a-__atexit.o)
                0x004066b0                __register_exitproc
 .text._calloc_r
                0x00406774       0x60 c:/program files (x86)/atmel/studio/7.0/toolchain/arm/arm-gnu-toolchain/bin/../lib/gcc/arm-none-eabi/6.3.1/../../../../arm-none-eabi/lib/thumb/v7e-m\libc.a(lib_a-callocr.o)
                0x00406774                _calloc_r
 .text._close_r
                0x004067d4       0x24 c:/program files (x86)/atmel/studio/7.0/toolchain/arm/arm-gnu-toolchain/bin/../lib/gcc/arm-none-eabi/6.3.1/../../../../arm-none-eabi/lib/thumb/v7e-m\libc.a(lib_a-closer.o)
                0x004067d4                _close_r
 .text._fclose_r
                0x004067f8       0xc4 c:/program files (x86)/atmel/studio/7.0/toolchain/arm/arm-gnu-toolchain/bin/../lib/gcc/arm-none-eabi/6.3.1/../../../../arm-none-eabi/lib/thumb/v7e-m\libc.a(lib_a-fclose.o)
                0x004067f8                _fclose_r
 .text.__fputwc
                0x004068bc       0xa0 c:/program files (x86)/atmel/studio/7.0/toolchain/arm/arm-gnu-toolchain/bin/../lib/gcc/arm-none-eabi/6.3.1/../../../../arm-none-eabi/lib/thumb/v7e-m\libc.a(lib_a-fputwc.o)
                0x004068bc                __fputwc
 .text._fputwc_r
                0x0040695c       0x68 c:/program files (x86)/atmel/studio/7.0/toolchain/arm/arm-gnu-toolchain/bin/../lib/gcc/arm-none-eabi/6.3.1/../../../../arm-none-eabi/lib/thumb/v7e-m\libc.a(lib_a-fputwc.o)
                0x0040695c                _fputwc_r
 .text._fstat_r
                0x004069c4       0x28 c:/program files (x86)/atmel/studio/7.0/toolchain/arm/arm-gnu-toolchain/bin/../lib/gcc/arm-none-eabi/6.3.1/../../../../arm-none-eabi/lib/thumb/v7e-m\libc.a(lib_a-fstatr.o)
                0x004069c4                _fstat_r
 .text._isatty_r
                0x004069ec       0x24 c:/program files (x86)/atmel/studio/7.0/toolchain/arm/arm-gnu-toolchain/bin/../lib/gcc/arm-none-eabi/6.3.1/../../../../arm-none-eabi/lib/thumb/v7e-m\libc.a(lib_a-isattyr.o)
                0x004069ec                _isatty_r
 .text.__locale_mb_cur_max
                0x00406a10       0x1c c:/program files (x86)/atmel/studio/7.0/toolchain/arm/arm-gnu-toolchain/bin/../lib/gcc/arm-none-eabi/6.3.1/../../../../arm-none-eabi/lib/thumb/v7e-m\libc.a(lib_a-locale.o)
                0x00406a10                __locale_mb_cur_max
 .text._lseek_r
                0x00406a2c       0x2c c:/program files (x86)/atmel/studio/7.0/toolchain/arm/arm-gnu-toolchain/bin/../lib/gcc/arm-none-eabi/6.3.1/../../../../arm-none-eabi/lib/thumb/v7e-m\libc.a(lib_a-lseekr.o)
                0x00406a2c                _lseek_r
 .text.__ascii_mbtowc
                0x00406a58       0x2c c:/program files (x86)/atmel/studio/7.0/toolchain/arm/arm-gnu-toolchain/bin/../lib/gcc/arm-none-eabi/6.3.1/../../../../arm-none-eabi/lib/thumb/v7e-m\libc.a(lib_a-mbtowc_r.o)
                0x00406a58                __ascii_mbtowc
 .text._read_r  0x00406a84       0x2c c:/program files (x86)/atmel/studio/7.0/toolchain/arm/arm-gnu-toolchain/bin/../lib/gcc/arm-none-eabi/6.3.1/../../../../arm-none-eabi/lib/thumb/v7e-m\libc.a(lib_a-readr.o)
                0x00406a84                _read_r
 .text._wcrtomb_r
                0x00406ab0       0x54 c:/program files (x86)/atmel/studio/7.0/toolchain/arm/arm-gnu-toolchain/bin/../lib/gcc/arm-none-eabi/6.3.1/../../../../arm-none-eabi/lib/thumb/v7e-m\libc.a(lib_a-wcrtomb.o)
                0x00406ab0                _wcrtomb_r
 .text.__ascii_wctomb
                0x00406b04       0x1c c:/program files (x86)/atmel/studio/7.0/toolchain/arm/arm-gnu-toolchain/bin/../lib/gcc/arm-none-eabi/6.3.1/../../../../arm-none-eabi/lib/thumb/v7e-m\libc.a(lib_a-wctomb_r.o)
                0x00406b04                __ascii_wctomb
 .text          0x00406b20      0x110 c:/program files (x86)/atmel/studio/7.0/toolchain/arm/arm-gnu-toolchain/bin/../lib/gcc/arm-none-eabi/6.3.1/thumb/v7e-m\libgcc.a(_arm_cmpdf2.o)
                0x00406b20                __gtdf2
                0x00406b20                __gedf2
                0x00406b28                __ltdf2
                0x00406b28                __ledf2
                0x00406b30                __nedf2
                0x00406b30                __eqdf2
                0x00406b30                __cmpdf2
                0x00406bac                __aeabi_cdrcmple
                0x00406bbc                __aeabi_cdcmpeq
                0x00406bbc                __aeabi_cdcmple
                0x00406bcc                __aeabi_dcmpeq
                0x00406be0                __aeabi_dcmplt
                0x00406bf4                __aeabi_dcmple
                0x00406c08                __aeabi_dcmpge
                0x00406c1c                __aeabi_dcmpgt
 .text          0x00406c30       0x2c c:/program files (x86)/atmel/studio/7.0/toolchain/arm/arm-gnu-toolchain/bin/../lib/gcc/arm-none-eabi/6.3.1/thumb/v7e-m\libgcc.a(_arm_unorddf2.o)
                0x00406c30                __unorddf2
                0x00406c30                __aeabi_dcmpun
 .text          0x00406c5c       0x50 c:/program files (x86)/atmel/studio/7.0/toolchain/arm/arm-gnu-toolchain/bin/../lib/gcc/arm-none-eabi/6.3.1/thumb/v7e-m\libgcc.a(_arm_fixdfsi.o)
                0x00406c5c                __aeabi_d2iz
                0x00406c5c                __fixdfsi
 .text          0x00406cac       0x30 c:/program files (x86)/atmel/studio/7.0/toolchain/arm/arm-gnu-toolchain/bin/../lib/gcc/arm-none-eabi/6.3.1/thumb/v7e-m\libgcc.a(_aeabi_uldivmod.o)
                0x00406cac                __aeabi_uldivmod
 .text          0x00406cdc      0x2dc c:/program files (x86)/atmel/studio/7.0/toolchain/arm/arm-gnu-toolchain/bin/../lib/gcc/arm-none-eabi/6.3.1/thumb/v7e-m\libgcc.a(_udivmoddi4.o)
                0x00406cdc                __udivmoddi4
 .text          0x00406fb8        0x4 c:/program files (x86)/atmel/studio/7.0/toolchain/arm/arm-gnu-toolchain/bin/../lib/gcc/arm-none-eabi/6.3.1/thumb/v7e-m\libgcc.a(_dvmd_tls.o)
                0x00406fb8                __aeabi_idiv0
                0x00406fb8                __aeabi_ldiv0
 *(.glue_7t)
 .glue_7t       0x00406fbc        0x0 linker stubs
 *(.glue_7)
 .glue_7        0x00406fbc        0x0 linker stubs
 *(.rodata .rodata* .gnu.linkonce.r.*)
 .rodata.main.str1.4
                0x00406fbc       0xdc src/twihs_master_example.o
 .rodata.max30100_init.str1.4
                0x00407098       0x4f src/twihs_master_example.o
 *fill*         0x004070e7        0x1 
 .rodata.max30100_read.str1.4
                0x004070e8       0x24 src/twihs_master_example.o
 .rodata.max30100_read_reg.str1.4
                0x0040710c       0x25 src/twihs_master_example.o
 *fill*         0x00407131        0x3 
 .rodata.max30100_readfifo.str1.4
                0x00407134       0x11 src/twihs_master_example.o
 *fill*         0x00407145        0x3 
 .rodata._global_impure_ptr
                0x00407148        0x4 c:/program files (x86)/atmel/studio/7.0/toolchain/arm/arm-gnu-toolchain/bin/../lib/gcc/arm-none-eabi/6.3.1/../../../../arm-none-eabi/lib/thumb/v7e-m\libc.a(lib_a-impure.o)
                0x00407148                _global_impure_ptr
 .rodata._puts_r.str1.4
                0x0040714c       0x11 c:/program files (x86)/atmel/studio/7.0/toolchain/arm/arm-gnu-toolchain/bin/../lib/gcc/arm-none-eabi/6.3.1/../../../../arm-none-eabi/lib/thumb/v7e-m\libc.a(lib_a-puts.o)
                                  0x2 (size before relaxing)
 .rodata._vfprintf_r.str1.4
                0x0040714c       0x42 c:/program files (x86)/atmel/studio/7.0/toolchain/arm/arm-gnu-toolchain/bin/../lib/gcc/arm-none-eabi/6.3.1/../../../../arm-none-eabi/lib/thumb/v7e-m\libc.a(lib_a-vfprintf.o)
 *fill*         0x0040718e        0x2 
 .rodata.blanks.7238
                0x00407190       0x10 c:/program files (x86)/atmel/studio/7.0/toolchain/arm/arm-gnu-toolchain/bin/../lib/gcc/arm-none-eabi/6.3.1/../../../../arm-none-eabi/lib/thumb/v7e-m\libc.a(lib_a-vfprintf.o)
 .rodata.zeroes.7239
                0x004071a0       0x10 c:/program files (x86)/atmel/studio/7.0/toolchain/arm/arm-gnu-toolchain/bin/../lib/gcc/arm-none-eabi/6.3.1/../../../../arm-none-eabi/lib/thumb/v7e-m\libc.a(lib_a-vfprintf.o)
 .rodata._dtoa_r.str1.4
                0x004071b0       0x10 c:/program files (x86)/atmel/studio/7.0/toolchain/arm/arm-gnu-toolchain/bin/../lib/gcc/arm-none-eabi/6.3.1/../../../../arm-none-eabi/lib/thumb/v7e-m\libc.a(lib_a-dtoa.o)
                                 0x12 (size before relaxing)
 .rodata.__mprec_bigtens
                0x004071c0       0x28 c:/program files (x86)/atmel/studio/7.0/toolchain/arm/arm-gnu-toolchain/bin/../lib/gcc/arm-none-eabi/6.3.1/../../../../arm-none-eabi/lib/thumb/v7e-m\libc.a(lib_a-mprec.o)
                0x004071c0                __mprec_bigtens
 .rodata.__mprec_tens
                0x004071e8       0xc8 c:/program files (x86)/atmel/studio/7.0/toolchain/arm/arm-gnu-toolchain/bin/../lib/gcc/arm-none-eabi/6.3.1/../../../../arm-none-eabi/lib/thumb/v7e-m\libc.a(lib_a-mprec.o)
                0x004071e8                __mprec_tens
 .rodata.p05.6055
                0x004072b0        0xc c:/program files (x86)/atmel/studio/7.0/toolchain/arm/arm-gnu-toolchain/bin/../lib/gcc/arm-none-eabi/6.3.1/../../../../arm-none-eabi/lib/thumb/v7e-m\libc.a(lib_a-mprec.o)
 .rodata._setlocale_r.str1.4
                0x004072bc        0xa c:/program files (x86)/atmel/studio/7.0/toolchain/arm/arm-gnu-toolchain/bin/../lib/gcc/arm-none-eabi/6.3.1/../../../../arm-none-eabi/lib/thumb/v7e-m\libc.a(lib_a-locale.o)
                                  0xd (size before relaxing)
 *fill*         0x004072c6        0x2 
 .rodata.str1.4
                0x004072c8        0x4 c:/program files (x86)/atmel/studio/7.0/toolchain/arm/arm-gnu-toolchain/bin/../lib/gcc/arm-none-eabi/6.3.1/../../../../arm-none-eabi/lib/thumb/v7e-m\libc.a(lib_a-locale.o)
                                  0x2 (size before relaxing)
 .rodata._ctype_
                0x004072cc      0x101 c:/program files (x86)/atmel/studio/7.0/toolchain/arm/arm-gnu-toolchain/bin/../lib/gcc/arm-none-eabi/6.3.1/../../../../arm-none-eabi/lib/thumb/v7e-m\libc.a(lib_a-ctype_.o)
                0x004072cc                _ctype_
 *(.ARM.extab* .gnu.linkonce.armextab.*)
                0x004073d0                . = ALIGN (0x4)
 *fill*         0x004073cd        0x3 
 *(.init)
 .init          0x004073d0        0x4 c:/program files (x86)/atmel/studio/7.0/toolchain/arm/arm-gnu-toolchain/bin/../lib/gcc/arm-none-eabi/6.3.1/thumb/v7e-m/crti.o
                0x004073d0                _init
 .init          0x004073d4        0x8 c:/program files (x86)/atmel/studio/7.0/toolchain/arm/arm-gnu-toolchain/bin/../lib/gcc/arm-none-eabi/6.3.1/thumb/v7e-m/crtn.o
                0x004073dc                . = ALIGN (0x4)
                0x004073dc                __preinit_array_start = .
 *(.preinit_array)
                0x004073dc                __preinit_array_end = .
                0x004073dc                . = ALIGN (0x4)
                0x004073dc                __init_array_start = .
 *(SORT(.init_array.*))
 .init_array.00000
                0x004073dc        0x4 c:/program files (x86)/atmel/studio/7.0/toolchain/arm/arm-gnu-toolchain/bin/../lib/gcc/arm-none-eabi/6.3.1/../../../../arm-none-eabi/lib/thumb/v7e-m\libc.a(lib_a-__call_atexit.o)
 *(.init_array)
 .init_array    0x004073e0        0x4 c:/program files (x86)/atmel/studio/7.0/toolchain/arm/arm-gnu-toolchain/bin/../lib/gcc/arm-none-eabi/6.3.1/thumb/v7e-m/crtbegin.o
                0x004073e4                __init_array_end = .
                0x004073e4                . = ALIGN (0x4)
 *crtbegin.o(.ctors)
 *(EXCLUDE_FILE(*crtend.o) .ctors)
 *(SORT(.ctors.*))
 *crtend.o(.ctors)
                0x004073e4                . = ALIGN (0x4)
 *(.fini)
 .fini          0x004073e4        0x4 c:/program files (x86)/atmel/studio/7.0/toolchain/arm/arm-gnu-toolchain/bin/../lib/gcc/arm-none-eabi/6.3.1/thumb/v7e-m/crti.o
                0x004073e4                _fini
 .fini          0x004073e8        0x8 c:/program files (x86)/atmel/studio/7.0/toolchain/arm/arm-gnu-toolchain/bin/../lib/gcc/arm-none-eabi/6.3.1/thumb/v7e-m/crtn.o
                0x004073f0                . = ALIGN (0x4)
                0x004073f0                __fini_array_start = .
 *(.fini_array)
 .fini_array    0x004073f0        0x4 c:/program files (x86)/atmel/studio/7.0/toolchain/arm/arm-gnu-toolchain/bin/../lib/gcc/arm-none-eabi/6.3.1/thumb/v7e-m/crtbegin.o
 *(SORT(.fini_array.*))
                0x004073f4                __fini_array_end = .
 *crtbegin.o(.dtors)
 *(EXCLUDE_FILE(*crtend.o) .dtors)
 *(SORT(.dtors.*))
 *crtend.o(.dtors)
                0x004073f4                . = ALIGN (0x4)
                0x004073f4                _efixed = .
                [!provide]                PROVIDE (__exidx_start, .)

.vfp11_veneer   0x004073f4        0x0
 .vfp11_veneer  0x004073f4        0x0 linker stubs

.v4_bx          0x004073f4        0x0
 .v4_bx         0x004073f4        0x0 linker stubs

.iplt           0x004073f4        0x0
 .iplt          0x004073f4        0x0 c:/program files (x86)/atmel/studio/7.0/toolchain/arm/arm-gnu-toolchain/bin/../lib/gcc/arm-none-eabi/6.3.1/thumb/v7e-m/crtbegin.o

.ARM.exidx      0x004073f4        0x8
 *(.ARM.exidx* .gnu.linkonce.armexidx.*)
 .ARM.exidx     0x004073f4        0x8 c:/program files (x86)/atmel/studio/7.0/toolchain/arm/arm-gnu-toolchain/bin/../lib/gcc/arm-none-eabi/6.3.1/thumb/v7e-m\libgcc.a(_udivmoddi4.o)
                [!provide]                PROVIDE (__exidx_end, .)

.eh_frame       0x004073fc        0x0
 .eh_frame      0x004073fc        0x0 c:/program files (x86)/atmel/studio/7.0/toolchain/arm/arm-gnu-toolchain/bin/../lib/gcc/arm-none-eabi/6.3.1/thumb/v7e-m/crtbegin.o

.rel.dyn        0x004073fc        0x0
 .rel.iplt      0x004073fc        0x0 c:/program files (x86)/atmel/studio/7.0/toolchain/arm/arm-gnu-toolchain/bin/../lib/gcc/arm-none-eabi/6.3.1/thumb/v7e-m/crtbegin.o

.jcr            0x004073fc        0x0
 .jcr           0x004073fc        0x0 c:/program files (x86)/atmel/studio/7.0/toolchain/arm/arm-gnu-toolchain/bin/../lib/gcc/arm-none-eabi/6.3.1/thumb/v7e-m/crtbegin.o

.igot.plt       0x004073fc        0x0
 .igot.plt      0x004073fc        0x0 c:/program files (x86)/atmel/studio/7.0/toolchain/arm/arm-gnu-toolchain/bin/../lib/gcc/arm-none-eabi/6.3.1/thumb/v7e-m/crtbegin.o
                0x004073fc                . = ALIGN (0x4)
                0x004073fc                _etext = .

.relocate       0x20400000      0x9b8 load address 0x004073fc
                0x20400000                . = ALIGN (0x4)
                0x20400000                _srelocate = .
 *(.ramfunc .ramfunc.*)
 *(.data .data.*)
 .data.g_interrupt_enabled
                0x20400000        0x1 src/ASF/common/utils/interrupt/interrupt_sam_nvic.o
                0x20400000                g_interrupt_enabled
 *fill*         0x20400001        0x3 
 .data.SystemCoreClock
                0x20400004        0x4 src/ASF/sam/utils/cmsis/same70/source/templates/system_same70.o
                0x20400004                SystemCoreClock
 .data._impure_ptr
                0x20400008        0x4 c:/program files (x86)/atmel/studio/7.0/toolchain/arm/arm-gnu-toolchain/bin/../lib/gcc/arm-none-eabi/6.3.1/../../../../arm-none-eabi/lib/thumb/v7e-m\libc.a(lib_a-impure.o)
                0x20400008                _impure_ptr
 *fill*         0x2040000c        0x4 
 .data.impure_data
                0x20400010      0x428 c:/program files (x86)/atmel/studio/7.0/toolchain/arm/arm-gnu-toolchain/bin/../lib/gcc/arm-none-eabi/6.3.1/../../../../arm-none-eabi/lib/thumb/v7e-m\libc.a(lib_a-impure.o)
 .data.__atexit_recursive_mutex
                0x20400438        0x4 c:/program files (x86)/atmel/studio/7.0/toolchain/arm/arm-gnu-toolchain/bin/../lib/gcc/arm-none-eabi/6.3.1/../../../../arm-none-eabi/lib/thumb/v7e-m\libc.a(lib_a-__call_atexit.o)
                0x20400438                __atexit_recursive_mutex
 .data.__malloc_av_
                0x2040043c      0x408 c:/program files (x86)/atmel/studio/7.0/toolchain/arm/arm-gnu-toolchain/bin/../lib/gcc/arm-none-eabi/6.3.1/../../../../arm-none-eabi/lib/thumb/v7e-m\libc.a(lib_a-mallocr.o)
                0x2040043c                __malloc_av_
 .data.__malloc_sbrk_base
                0x20400844        0x4 c:/program files (x86)/atmel/studio/7.0/toolchain/arm/arm-gnu-toolchain/bin/../lib/gcc/arm-none-eabi/6.3.1/../../../../arm-none-eabi/lib/thumb/v7e-m\libc.a(lib_a-mallocr.o)
                0x20400844                __malloc_sbrk_base
 .data.__malloc_trim_threshold
                0x20400848        0x4 c:/program files (x86)/atmel/studio/7.0/toolchain/arm/arm-gnu-toolchain/bin/../lib/gcc/arm-none-eabi/6.3.1/../../../../arm-none-eabi/lib/thumb/v7e-m\libc.a(lib_a-mallocr.o)
                0x20400848                __malloc_trim_threshold
 .data.__global_locale
                0x2040084c      0x16c c:/program files (x86)/atmel/studio/7.0/toolchain/arm/arm-gnu-toolchain/bin/../lib/gcc/arm-none-eabi/6.3.1/../../../../arm-none-eabi/lib/thumb/v7e-m\libc.a(lib_a-locale.o)
                0x2040084c                __global_locale
                0x204009b8                . = ALIGN (0x4)
                0x204009b8                _erelocate = .

.bss            0x204009b8      0x100 load address 0x00407db4
                0x204009b8                . = ALIGN (0x4)
                0x204009b8                _sbss = .
                0x204009b8                _szero = .
 *(.bss .bss.*)
 .bss           0x204009b8       0x1c c:/program files (x86)/atmel/studio/7.0/toolchain/arm/arm-gnu-toolchain/bin/../lib/gcc/arm-none-eabi/6.3.1/thumb/v7e-m/crtbegin.o
 .bss.gs_interrupt_sources
                0x204009d4       0x70 src/ASF/sam/drivers/pio/pio_handler.o
 .bss.ul_reg_val.9514
                0x20400a44        0x4 src/ASF/sam/drivers/usart/usart.o
 .bss.heap.6420
                0x20400a48        0x4 src/ASF/sam/utils/syscalls/gcc/syscalls.o
 .bss.g_ul_ms_ticks
                0x20400a4c        0x4 src/twihs_master_example.o
                0x20400a4c                g_ul_ms_ticks
 .bss.__malloc_current_mallinfo
                0x20400a50       0x28 c:/program files (x86)/atmel/studio/7.0/toolchain/arm/arm-gnu-toolchain/bin/../lib/gcc/arm-none-eabi/6.3.1/../../../../arm-none-eabi/lib/thumb/v7e-m\libc.a(lib_a-mallocr.o)
                0x20400a50                __malloc_current_mallinfo
 .bss.__malloc_max_sbrked_mem
                0x20400a78        0x4 c:/program files (x86)/atmel/studio/7.0/toolchain/arm/arm-gnu-toolchain/bin/../lib/gcc/arm-none-eabi/6.3.1/../../../../arm-none-eabi/lib/thumb/v7e-m\libc.a(lib_a-mallocr.o)
                0x20400a78                __malloc_max_sbrked_mem
 .bss.__malloc_max_total_mem
                0x20400a7c        0x4 c:/program files (x86)/atmel/studio/7.0/toolchain/arm/arm-gnu-toolchain/bin/../lib/gcc/arm-none-eabi/6.3.1/../../../../arm-none-eabi/lib/thumb/v7e-m\libc.a(lib_a-mallocr.o)
                0x20400a7c                __malloc_max_total_mem
 .bss.__malloc_top_pad
                0x20400a80        0x4 c:/program files (x86)/atmel/studio/7.0/toolchain/arm/arm-gnu-toolchain/bin/../lib/gcc/arm-none-eabi/6.3.1/../../../../arm-none-eabi/lib/thumb/v7e-m\libc.a(lib_a-mallocr.o)
                0x20400a80                __malloc_top_pad
 *(COMMON)
 COMMON         0x20400a84        0x4 src/ASF/common/utils/stdio/read.o
                0x20400a84                ptr_get
 COMMON         0x20400a88        0x8 src/ASF/common/utils/stdio/write.o
                0x20400a88                ptr_put
                0x20400a8c                stdio_base
 COMMON         0x20400a90       0x21 c:/program files (x86)/atmel/studio/7.0/toolchain/arm/arm-gnu-toolchain/bin/../lib/gcc/arm-none-eabi/6.3.1/../../../../arm-none-eabi/lib/thumb/v7e-m\libc.a(lib_a-lock.o)
                0x20400a90                __lock___atexit_recursive_mutex
                0x20400a94                __lock___arc4random_mutex
                0x20400a98                __lock___env_recursive_mutex
                0x20400a9c                __lock___sinit_recursive_mutex
                0x20400aa0                __lock___malloc_recursive_mutex
                0x20400aa4                __lock___at_quick_exit_mutex
                0x20400aa8                __lock___dd_hash_mutex
                0x20400aac                __lock___tz_mutex
                0x20400ab0                __lock___sfp_recursive_mutex
 *fill*         0x20400ab1        0x3 
 COMMON         0x20400ab4        0x4 c:/program files (x86)/atmel/studio/7.0/toolchain/arm/arm-gnu-toolchain/bin/../lib/gcc/arm-none-eabi/6.3.1/../../../../arm-none-eabi/lib/thumb/v7e-m\libc.a(lib_a-reent.o)
                0x20400ab4                errno
                0x20400ab8                . = ALIGN (0x4)
                0x20400ab8                _ebss = .
                0x20400ab8                _ezero = .

.stack          0x20400ab8     0x2000 load address 0x00407eb4
                0x20400ab8                . = ALIGN (0x8)
                0x20400ab8                _sstack = .
                0x20402ab8                . = (. + STACK_SIZE)
 *fill*         0x20400ab8     0x2000 
                0x20402ab8                . = ALIGN (0x8)
                0x20402ab8                _estack = .

.heap           0x20402ab8      0x200 load address 0x00409eb4
                0x20402ab8                . = ALIGN (0x8)
                0x20402ab8                _sheap = .
                0x20402cb8                . = (. + HEAP_SIZE)
 *fill*         0x20402ab8      0x200 
                0x20402cb8                . = ALIGN (0x8)
                0x20402cb8                _eheap = .
                0x20402cb8                . = ALIGN (0x4)
                0x20402cb8                _end = .
                0x2045ffff                _ram_end_ = ((ORIGIN (ram) + LENGTH (ram)) - 0x1)
OUTPUT(MAX30100_EXAMPLE.elf elf32-littlearm)

.ARM.attributes
                0x00000000       0x2e
 .ARM.attributes
                0x00000000       0x1e c:/program files (x86)/atmel/studio/7.0/toolchain/arm/arm-gnu-toolchain/bin/../lib/gcc/arm-none-eabi/6.3.1/thumb/v7e-m/crti.o
 .ARM.attributes
                0x0000001e       0x2e c:/program files (x86)/atmel/studio/7.0/toolchain/arm/arm-gnu-toolchain/bin/../lib/gcc/arm-none-eabi/6.3.1/thumb/v7e-m/crtbegin.o
 .ARM.attributes
                0x0000004c       0x37 src/ASF/common/services/clock/same70/sysclk.o
 .ARM.attributes
                0x00000083       0x37 src/ASF/common/utils/interrupt/interrupt_sam_nvic.o
 .ARM.attributes
                0x000000ba       0x37 src/ASF/common/utils/stdio/read.o
 .ARM.attributes
                0x000000f1       0x37 src/ASF/common/utils/stdio/write.o
 .ARM.attributes
                0x00000128       0x37 src/ASF/sam/boards/same70_xplained/init.o
 .ARM.attributes
                0x0000015f       0x37 src/ASF/sam/drivers/pio/pio.o
 .ARM.attributes
                0x00000196       0x37 src/ASF/sam/drivers/pio/pio_handler.o
 .ARM.attributes
                0x000001cd       0x37 src/ASF/sam/drivers/pmc/pmc.o
 .ARM.attributes
                0x00000204       0x37 src/ASF/sam/drivers/twihs/twihs.o
 .ARM.attributes
                0x0000023b       0x37 src/ASF/sam/drivers/uart/uart.o
 .ARM.attributes
                0x00000272       0x37 src/ASF/sam/drivers/usart/usart.o
 .ARM.attributes
                0x000002a9       0x37 src/ASF/sam/utils/cmsis/same70/source/templates/gcc/startup_same70.o
 .ARM.attributes
                0x000002e0       0x37 src/ASF/sam/utils/cmsis/same70/source/templates/system_same70.o
 .ARM.attributes
                0x00000317       0x37 src/ASF/sam/utils/syscalls/gcc/syscalls.o
 .ARM.attributes
                0x0000034e       0x37 src/twihs_master_example.o
 .ARM.attributes
                0x00000385       0x1e c:/program files (x86)/atmel/studio/7.0/toolchain/arm/arm-gnu-toolchain/bin/../lib/gcc/arm-none-eabi/6.3.1/thumb/v7e-m\libgcc.a(_arm_addsubdf3.o)
 .ARM.attributes
                0x000003a3       0x1e c:/program files (x86)/atmel/studio/7.0/toolchain/arm/arm-gnu-toolchain/bin/../lib/gcc/arm-none-eabi/6.3.1/thumb/v7e-m\libgcc.a(_arm_muldivdf3.o)
 .ARM.attributes
                0x000003c1       0x2e c:/program files (x86)/atmel/studio/7.0/toolchain/arm/arm-gnu-toolchain/bin/../lib/gcc/arm-none-eabi/6.3.1/../../../../arm-none-eabi/lib/thumb/v7e-m\libc.a(lib_a-impure.o)
 .ARM.attributes
                0x000003ef       0x2e c:/program files (x86)/atmel/studio/7.0/toolchain/arm/arm-gnu-toolchain/bin/../lib/gcc/arm-none-eabi/6.3.1/../../../../arm-none-eabi/lib/thumb/v7e-m\libc.a(lib_a-init.o)
 .ARM.attributes
                0x0000041d       0x2e c:/program files (x86)/atmel/studio/7.0/toolchain/arm/arm-gnu-toolchain/bin/../lib/gcc/arm-none-eabi/6.3.1/../../../../arm-none-eabi/lib/thumb/v7e-m\libc.a(lib_a-memset.o)
 .ARM.attributes
                0x0000044b       0x2e c:/program files (x86)/atmel/studio/7.0/toolchain/arm/arm-gnu-toolchain/bin/../lib/gcc/arm-none-eabi/6.3.1/../../../../arm-none-eabi/lib/thumb/v7e-m\libc.a(lib_a-printf.o)
 .ARM.attributes
                0x00000479       0x2e c:/program files (x86)/atmel/studio/7.0/toolchain/arm/arm-gnu-toolchain/bin/../lib/gcc/arm-none-eabi/6.3.1/../../../../arm-none-eabi/lib/thumb/v7e-m\libc.a(lib_a-putchar.o)
 .ARM.attributes
                0x000004a7       0x2e c:/program files (x86)/atmel/studio/7.0/toolchain/arm/arm-gnu-toolchain/bin/../lib/gcc/arm-none-eabi/6.3.1/../../../../arm-none-eabi/lib/thumb/v7e-m\libc.a(lib_a-puts.o)
 .ARM.attributes
                0x000004d5       0x2e c:/program files (x86)/atmel/studio/7.0/toolchain/arm/arm-gnu-toolchain/bin/../lib/gcc/arm-none-eabi/6.3.1/../../../../arm-none-eabi/lib/thumb/v7e-m\libc.a(lib_a-setbuf.o)
 .ARM.attributes
                0x00000503       0x2e c:/program files (x86)/atmel/studio/7.0/toolchain/arm/arm-gnu-toolchain/bin/../lib/gcc/arm-none-eabi/6.3.1/../../../../arm-none-eabi/lib/thumb/v7e-m\libc.a(lib_a-setvbuf.o)
 .ARM.attributes
                0x00000531       0x1c c:/program files (x86)/atmel/studio/7.0/toolchain/arm/arm-gnu-toolchain/bin/../lib/gcc/arm-none-eabi/6.3.1/../../../../arm-none-eabi/lib/thumb/v7e-m\libc.a(lib_a-strlen.o)
 .ARM.attributes
                0x0000054d       0x2e c:/program files (x86)/atmel/studio/7.0/toolchain/arm/arm-gnu-toolchain/bin/../lib/gcc/arm-none-eabi/6.3.1/../../../../arm-none-eabi/lib/thumb/v7e-m\libc.a(lib_a-vfprintf.o)
 .ARM.attributes
                0x0000057b       0x2e c:/program files (x86)/atmel/studio/7.0/toolchain/arm/arm-gnu-toolchain/bin/../lib/gcc/arm-none-eabi/6.3.1/../../../../arm-none-eabi/lib/thumb/v7e-m\libc.a(lib_a-wsetup.o)
 .ARM.attributes
                0x000005a9       0x2e c:/program files (x86)/atmel/studio/7.0/toolchain/arm/arm-gnu-toolchain/bin/../lib/gcc/arm-none-eabi/6.3.1/../../../../arm-none-eabi/lib/thumb/v7e-m\libc.a(lib_a-__call_atexit.o)
 .ARM.attributes
                0x000005d7       0x2e c:/program files (x86)/atmel/studio/7.0/toolchain/arm/arm-gnu-toolchain/bin/../lib/gcc/arm-none-eabi/6.3.1/../../../../arm-none-eabi/lib/thumb/v7e-m\libc.a(lib_a-atexit.o)
 .ARM.attributes
                0x00000605       0x2e c:/program files (x86)/atmel/studio/7.0/toolchain/arm/arm-gnu-toolchain/bin/../lib/gcc/arm-none-eabi/6.3.1/../../../../arm-none-eabi/lib/thumb/v7e-m\libc.a(lib_a-dtoa.o)
 .ARM.attributes
                0x00000633       0x2e c:/program files (x86)/atmel/studio/7.0/toolchain/arm/arm-gnu-toolchain/bin/../lib/gcc/arm-none-eabi/6.3.1/../../../../arm-none-eabi/lib/thumb/v7e-m\libc.a(lib_a-fflush.o)
 .ARM.attributes
                0x00000661       0x2e c:/program files (x86)/atmel/studio/7.0/toolchain/arm/arm-gnu-toolchain/bin/../lib/gcc/arm-none-eabi/6.3.1/../../../../arm-none-eabi/lib/thumb/v7e-m\libc.a(lib_a-findfp.o)
 .ARM.attributes
                0x0000068f       0x2e c:/program files (x86)/atmel/studio/7.0/toolchain/arm/arm-gnu-toolchain/bin/../lib/gcc/arm-none-eabi/6.3.1/../../../../arm-none-eabi/lib/thumb/v7e-m\libc.a(lib_a-fini.o)
 .ARM.attributes
                0x000006bd       0x2e c:/program files (x86)/atmel/studio/7.0/toolchain/arm/arm-gnu-toolchain/bin/../lib/gcc/arm-none-eabi/6.3.1/../../../../arm-none-eabi/lib/thumb/v7e-m\libc.a(lib_a-freer.o)
 .ARM.attributes
                0x000006eb       0x2e c:/program files (x86)/atmel/studio/7.0/toolchain/arm/arm-gnu-toolchain/bin/../lib/gcc/arm-none-eabi/6.3.1/../../../../arm-none-eabi/lib/thumb/v7e-m\libc.a(lib_a-fvwrite.o)
 .ARM.attributes
                0x00000719       0x2e c:/program files (x86)/atmel/studio/7.0/toolchain/arm/arm-gnu-toolchain/bin/../lib/gcc/arm-none-eabi/6.3.1/../../../../arm-none-eabi/lib/thumb/v7e-m\libc.a(lib_a-fwalk.o)
 .ARM.attributes
                0x00000747       0x2e c:/program files (x86)/atmel/studio/7.0/toolchain/arm/arm-gnu-toolchain/bin/../lib/gcc/arm-none-eabi/6.3.1/../../../../arm-none-eabi/lib/thumb/v7e-m\libc.a(lib_a-localeconv.o)
 .ARM.attributes
                0x00000775       0x2e c:/program files (x86)/atmel/studio/7.0/toolchain/arm/arm-gnu-toolchain/bin/../lib/gcc/arm-none-eabi/6.3.1/../../../../arm-none-eabi/lib/thumb/v7e-m\libc.a(lib_a-lock.o)
 .ARM.attributes
                0x000007a3       0x2e c:/program files (x86)/atmel/studio/7.0/toolchain/arm/arm-gnu-toolchain/bin/../lib/gcc/arm-none-eabi/6.3.1/../../../../arm-none-eabi/lib/thumb/v7e-m\libc.a(lib_a-makebuf.o)
 .ARM.attributes
                0x000007d1       0x2e c:/program files (x86)/atmel/studio/7.0/toolchain/arm/arm-gnu-toolchain/bin/../lib/gcc/arm-none-eabi/6.3.1/../../../../arm-none-eabi/lib/thumb/v7e-m\libc.a(lib_a-malloc.o)
 .ARM.attributes
                0x000007ff       0x2e c:/program files (x86)/atmel/studio/7.0/toolchain/arm/arm-gnu-toolchain/bin/../lib/gcc/arm-none-eabi/6.3.1/../../../../arm-none-eabi/lib/thumb/v7e-m\libc.a(lib_a-mallocr.o)
 .ARM.attributes
                0x0000082d       0x1c c:/program files (x86)/atmel/studio/7.0/toolchain/arm/arm-gnu-toolchain/bin/../lib/gcc/arm-none-eabi/6.3.1/../../../../arm-none-eabi/lib/thumb/v7e-m\libc.a(lib_a-memchr.o)
 .ARM.attributes
                0x00000849       0x1c c:/program files (x86)/atmel/studio/7.0/toolchain/arm/arm-gnu-toolchain/bin/../lib/gcc/arm-none-eabi/6.3.1/../../../../arm-none-eabi/lib/thumb/v7e-m\libc.a(lib_a-memcpy.o)
 .ARM.attributes
                0x00000865       0x2e c:/program files (x86)/atmel/studio/7.0/toolchain/arm/arm-gnu-toolchain/bin/../lib/gcc/arm-none-eabi/6.3.1/../../../../arm-none-eabi/lib/thumb/v7e-m\libc.a(lib_a-memmove.o)
 .ARM.attributes
                0x00000893       0x2e c:/program files (x86)/atmel/studio/7.0/toolchain/arm/arm-gnu-toolchain/bin/../lib/gcc/arm-none-eabi/6.3.1/../../../../arm-none-eabi/lib/thumb/v7e-m\libc.a(lib_a-mlock.o)
 .ARM.attributes
                0x000008c1       0x2e c:/program files (x86)/atmel/studio/7.0/toolchain/arm/arm-gnu-toolchain/bin/../lib/gcc/arm-none-eabi/6.3.1/../../../../arm-none-eabi/lib/thumb/v7e-m\libc.a(lib_a-mprec.o)
 .ARM.attributes
                0x000008ef       0x2e c:/program files (x86)/atmel/studio/7.0/toolchain/arm/arm-gnu-toolchain/bin/../lib/gcc/arm-none-eabi/6.3.1/../../../../arm-none-eabi/lib/thumb/v7e-m\libc.a(lib_a-putc.o)
 .ARM.attributes
                0x0000091d       0x2e c:/program files (x86)/atmel/studio/7.0/toolchain/arm/arm-gnu-toolchain/bin/../lib/gcc/arm-none-eabi/6.3.1/../../../../arm-none-eabi/lib/thumb/v7e-m\libc.a(lib_a-reallocr.o)
 .ARM.attributes
                0x0000094b       0x2e c:/program files (x86)/atmel/studio/7.0/toolchain/arm/arm-gnu-toolchain/bin/../lib/gcc/arm-none-eabi/6.3.1/../../../../arm-none-eabi/lib/thumb/v7e-m\libc.a(lib_a-sbrkr.o)
 .ARM.attributes
                0x00000979       0x2e c:/program files (x86)/atmel/studio/7.0/toolchain/arm/arm-gnu-toolchain/bin/../lib/gcc/arm-none-eabi/6.3.1/../../../../arm-none-eabi/lib/thumb/v7e-m\libc.a(lib_a-stdio.o)
 .ARM.attributes
                0x000009a7       0x2e c:/program files (x86)/atmel/studio/7.0/toolchain/arm/arm-gnu-toolchain/bin/../lib/gcc/arm-none-eabi/6.3.1/../../../../arm-none-eabi/lib/thumb/v7e-m\libc.a(lib_a-vfiprintf.o)
 .ARM.attributes
                0x000009d5       0x2e c:/program files (x86)/atmel/studio/7.0/toolchain/arm/arm-gnu-toolchain/bin/../lib/gcc/arm-none-eabi/6.3.1/../../../../arm-none-eabi/lib/thumb/v7e-m\libc.a(lib_a-wbuf.o)
 .ARM.attributes
                0x00000a03       0x2e c:/program files (x86)/atmel/studio/7.0/toolchain/arm/arm-gnu-toolchain/bin/../lib/gcc/arm-none-eabi/6.3.1/../../../../arm-none-eabi/lib/thumb/v7e-m\libc.a(lib_a-writer.o)
 .ARM.attributes
                0x00000a31       0x2e c:/program files (x86)/atmel/studio/7.0/toolchain/arm/arm-gnu-toolchain/bin/../lib/gcc/arm-none-eabi/6.3.1/../../../../arm-none-eabi/lib/thumb/v7e-m\libc.a(lib_a-__atexit.o)
 .ARM.attributes
                0x00000a5f       0x2e c:/program files (x86)/atmel/studio/7.0/toolchain/arm/arm-gnu-toolchain/bin/../lib/gcc/arm-none-eabi/6.3.1/../../../../arm-none-eabi/lib/thumb/v7e-m\libc.a(lib_a-callocr.o)
 .ARM.attributes
                0x00000a8d       0x2e c:/program files (x86)/atmel/studio/7.0/toolchain/arm/arm-gnu-toolchain/bin/../lib/gcc/arm-none-eabi/6.3.1/../../../../arm-none-eabi/lib/thumb/v7e-m\libc.a(lib_a-closer.o)
 .ARM.attributes
                0x00000abb       0x2e c:/program files (x86)/atmel/studio/7.0/toolchain/arm/arm-gnu-toolchain/bin/../lib/gcc/arm-none-eabi/6.3.1/../../../../arm-none-eabi/lib/thumb/v7e-m\libc.a(lib_a-fclose.o)
 .ARM.attributes
                0x00000ae9       0x2e c:/program files (x86)/atmel/studio/7.0/toolchain/arm/arm-gnu-toolchain/bin/../lib/gcc/arm-none-eabi/6.3.1/../../../../arm-none-eabi/lib/thumb/v7e-m\libc.a(lib_a-fputwc.o)
 .ARM.attributes
                0x00000b17       0x2e c:/program files (x86)/atmel/studio/7.0/toolchain/arm/arm-gnu-toolchain/bin/../lib/gcc/arm-none-eabi/6.3.1/../../../../arm-none-eabi/lib/thumb/v7e-m\libc.a(lib_a-fstatr.o)
 .ARM.attributes
                0x00000b45       0x2e c:/program files (x86)/atmel/studio/7.0/toolchain/arm/arm-gnu-toolchain/bin/../lib/gcc/arm-none-eabi/6.3.1/../../../../arm-none-eabi/lib/thumb/v7e-m\libc.a(lib_a-isattyr.o)
 .ARM.attributes
                0x00000b73       0x2e c:/program files (x86)/atmel/studio/7.0/toolchain/arm/arm-gnu-toolchain/bin/../lib/gcc/arm-none-eabi/6.3.1/../../../../arm-none-eabi/lib/thumb/v7e-m\libc.a(lib_a-locale.o)
 .ARM.attributes
                0x00000ba1       0x2e c:/program files (x86)/atmel/studio/7.0/toolchain/arm/arm-gnu-toolchain/bin/../lib/gcc/arm-none-eabi/6.3.1/../../../../arm-none-eabi/lib/thumb/v7e-m\libc.a(lib_a-lseekr.o)
 .ARM.attributes
                0x00000bcf       0x2e c:/program files (x86)/atmel/studio/7.0/toolchain/arm/arm-gnu-toolchain/bin/../lib/gcc/arm-none-eabi/6.3.1/../../../../arm-none-eabi/lib/thumb/v7e-m\libc.a(lib_a-mbtowc_r.o)
 .ARM.attributes
                0x00000bfd       0x2e c:/program files (x86)/atmel/studio/7.0/toolchain/arm/arm-gnu-toolchain/bin/../lib/gcc/arm-none-eabi/6.3.1/../../../../arm-none-eabi/lib/thumb/v7e-m\libc.a(lib_a-readr.o)
 .ARM.attributes
                0x00000c2b       0x2e c:/program files (x86)/atmel/studio/7.0/toolchain/arm/arm-gnu-toolchain/bin/../lib/gcc/arm-none-eabi/6.3.1/../../../../arm-none-eabi/lib/thumb/v7e-m\libc.a(lib_a-reent.o)
 .ARM.attributes
                0x00000c59       0x2e c:/program files (x86)/atmel/studio/7.0/toolchain/arm/arm-gnu-toolchain/bin/../lib/gcc/arm-none-eabi/6.3.1/../../../../arm-none-eabi/lib/thumb/v7e-m\libc.a(lib_a-wcrtomb.o)
 .ARM.attributes
                0x00000c87       0x2e c:/program files (x86)/atmel/studio/7.0/toolchain/arm/arm-gnu-toolchain/bin/../lib/gcc/arm-none-eabi/6.3.1/../../../../arm-none-eabi/lib/thumb/v7e-m\libc.a(lib_a-wctomb_r.o)
 .ARM.attributes
                0x00000cb5       0x2e c:/program files (x86)/atmel/studio/7.0/toolchain/arm/arm-gnu-toolchain/bin/../lib/gcc/arm-none-eabi/6.3.1/../../../../arm-none-eabi/lib/thumb/v7e-m\libc.a(lib_a-ctype_.o)
 .ARM.attributes
                0x00000ce3       0x1e c:/program files (x86)/atmel/studio/7.0/toolchain/arm/arm-gnu-toolchain/bin/../lib/gcc/arm-none-eabi/6.3.1/thumb/v7e-m\libgcc.a(_arm_cmpdf2.o)
 .ARM.attributes
                0x00000d01       0x1e c:/program files (x86)/atmel/studio/7.0/toolchain/arm/arm-gnu-toolchain/bin/../lib/gcc/arm-none-eabi/6.3.1/thumb/v7e-m\libgcc.a(_arm_unorddf2.o)
 .ARM.attributes
                0x00000d1f       0x1e c:/program files (x86)/atmel/studio/7.0/toolchain/arm/arm-gnu-toolchain/bin/../lib/gcc/arm-none-eabi/6.3.1/thumb/v7e-m\libgcc.a(_arm_fixdfsi.o)
 .ARM.attributes
                0x00000d3d       0x1e c:/program files (x86)/atmel/studio/7.0/toolchain/arm/arm-gnu-toolchain/bin/../lib/gcc/arm-none-eabi/6.3.1/thumb/v7e-m\libgcc.a(_aeabi_uldivmod.o)
 .ARM.attributes
                0x00000d5b       0x2e c:/program files (x86)/atmel/studio/7.0/toolchain/arm/arm-gnu-toolchain/bin/../lib/gcc/arm-none-eabi/6.3.1/thumb/v7e-m\libgcc.a(_udivmoddi4.o)
 .ARM.attributes
                0x00000d89       0x1e c:/program files (x86)/atmel/studio/7.0/toolchain/arm/arm-gnu-toolchain/bin/../lib/gcc/arm-none-eabi/6.3.1/thumb/v7e-m\libgcc.a(_dvmd_tls.o)
 .ARM.attributes
                0x00000da7       0x1e c:/program files (x86)/atmel/studio/7.0/toolchain/arm/arm-gnu-toolchain/bin/../lib/gcc/arm-none-eabi/6.3.1/thumb/v7e-m/crtn.o

.comment        0x00000000       0x59
 .comment       0x00000000       0x59 src/ASF/common/services/clock/same70/sysclk.o
                                 0x5a (size before relaxing)
 .comment       0x00000059       0x5a src/ASF/common/utils/interrupt/interrupt_sam_nvic.o
 .comment       0x00000059       0x5a src/ASF/common/utils/stdio/read.o
 .comment       0x00000059       0x5a src/ASF/common/utils/stdio/write.o
 .comment       0x00000059       0x5a src/ASF/sam/boards/same70_xplained/init.o
 .comment       0x00000059       0x5a src/ASF/sam/drivers/pio/pio.o
 .comment       0x00000059       0x5a src/ASF/sam/drivers/pio/pio_handler.o
 .comment       0x00000059       0x5a src/ASF/sam/drivers/pmc/pmc.o
 .comment       0x00000059       0x5a src/ASF/sam/drivers/twihs/twihs.o
 .comment       0x00000059       0x5a src/ASF/sam/drivers/uart/uart.o
 .comment       0x00000059       0x5a src/ASF/sam/drivers/usart/usart.o
 .comment       0x00000059       0x5a src/ASF/sam/utils/cmsis/same70/source/templates/gcc/startup_same70.o
 .comment       0x00000059       0x5a src/ASF/sam/utils/cmsis/same70/source/templates/system_same70.o
 .comment       0x00000059       0x5a src/ASF/sam/utils/syscalls/gcc/syscalls.o
 .comment       0x00000059       0x5a src/twihs_master_example.o

.debug_info     0x00000000    0x15656
 .debug_info    0x00000000     0x12a4 src/ASF/common/services/clock/same70/sysclk.o
 .debug_info    0x000012a4      0xaff src/ASF/common/utils/interrupt/interrupt_sam_nvic.o
 .debug_info    0x00001da3      0xac9 src/ASF/common/utils/stdio/read.o
 .debug_info    0x0000286c      0xac6 src/ASF/common/utils/stdio/write.o
 .debug_info    0x00003332     0x2177 src/ASF/sam/boards/same70_xplained/init.o
 .debug_info    0x000054a9     0x2174 src/ASF/sam/drivers/pio/pio.o
 .debug_info    0x0000761d     0x1bb2 src/ASF/sam/drivers/pio/pio_handler.o
 .debug_info    0x000091cf     0x1f1c src/ASF/sam/drivers/pmc/pmc.o
 .debug_info    0x0000b0eb     0x1599 src/ASF/sam/drivers/twihs/twihs.o
 .debug_info    0x0000c684     0x1072 src/ASF/sam/drivers/uart/uart.o
 .debug_info    0x0000d6f6     0x23ac src/ASF/sam/drivers/usart/usart.o
 .debug_info    0x0000faa2     0x15fe src/ASF/sam/utils/cmsis/same70/source/templates/gcc/startup_same70.o
 .debug_info    0x000110a0      0x5d0 src/ASF/sam/utils/cmsis/same70/source/templates/system_same70.o
 .debug_info    0x00011670      0xdb0 src/ASF/sam/utils/syscalls/gcc/syscalls.o
 .debug_info    0x00012420     0x3236 src/twihs_master_example.o

.debug_abbrev   0x00000000     0x2d13
 .debug_abbrev  0x00000000      0x31f src/ASF/common/services/clock/same70/sysclk.o
 .debug_abbrev  0x0000031f      0x221 src/ASF/common/utils/interrupt/interrupt_sam_nvic.o
 .debug_abbrev  0x00000540      0x1fe src/ASF/common/utils/stdio/read.o
 .debug_abbrev  0x0000073e      0x1e9 src/ASF/common/utils/stdio/write.o
 .debug_abbrev  0x00000927      0x338 src/ASF/sam/boards/same70_xplained/init.o
 .debug_abbrev  0x00000c5f      0x410 src/ASF/sam/drivers/pio/pio.o
 .debug_abbrev  0x0000106f      0x34d src/ASF/sam/drivers/pio/pio_handler.o
 .debug_abbrev  0x000013bc      0x398 src/ASF/sam/drivers/pmc/pmc.o
 .debug_abbrev  0x00001754      0x39f src/ASF/sam/drivers/twihs/twihs.o
 .debug_abbrev  0x00001af3      0x27b src/ASF/sam/drivers/uart/uart.o
 .debug_abbrev  0x00001d6e      0x3ca src/ASF/sam/drivers/usart/usart.o
 .debug_abbrev  0x00002138      0x2f3 src/ASF/sam/utils/cmsis/same70/source/templates/gcc/startup_same70.o
 .debug_abbrev  0x0000242b      0x102 src/ASF/sam/utils/cmsis/same70/source/templates/system_same70.o
 .debug_abbrev  0x0000252d      0x264 src/ASF/sam/utils/syscalls/gcc/syscalls.o
 .debug_abbrev  0x00002791      0x582 src/twihs_master_example.o

.debug_loc      0x00000000     0x5793
 .debug_loc     0x00000000      0x183 src/ASF/common/services/clock/same70/sysclk.o
 .debug_loc     0x00000183       0xb3 src/ASF/common/utils/stdio/read.o
 .debug_loc     0x00000236      0x12b src/ASF/common/utils/stdio/write.o
 .debug_loc     0x00000361      0x27a src/ASF/sam/boards/same70_xplained/init.o
 .debug_loc     0x000005db      0xea4 src/ASF/sam/drivers/pio/pio.o
 .debug_loc     0x0000147f      0x59f src/ASF/sam/drivers/pio/pio_handler.o
 .debug_loc     0x00001a1e      0xc33 src/ASF/sam/drivers/pmc/pmc.o
 .debug_loc     0x00002651      0xc2c src/ASF/sam/drivers/twihs/twihs.o
 .debug_loc     0x0000327d      0x2a3 src/ASF/sam/drivers/uart/uart.o
 .debug_loc     0x00003520      0xf35 src/ASF/sam/drivers/usart/usart.o
 .debug_loc     0x00004455       0x77 src/ASF/sam/utils/cmsis/same70/source/templates/gcc/startup_same70.o
 .debug_loc     0x000044cc       0xfd src/ASF/sam/utils/syscalls/gcc/syscalls.o
 .debug_loc     0x000045c9     0x11ca src/twihs_master_example.o

.debug_aranges  0x00000000      0xb58
 .debug_aranges
                0x00000000       0x40 src/ASF/common/services/clock/same70/sysclk.o
 .debug_aranges
                0x00000040       0x28 src/ASF/common/utils/interrupt/interrupt_sam_nvic.o
 .debug_aranges
                0x00000068       0x20 src/ASF/common/utils/stdio/read.o
 .debug_aranges
                0x00000088       0x20 src/ASF/common/utils/stdio/write.o
 .debug_aranges
                0x000000a8       0x20 src/ASF/sam/boards/same70_xplained/init.o
 .debug_aranges
                0x000000c8      0x1a8 src/ASF/sam/drivers/pio/pio.o
 .debug_aranges
                0x00000270       0x60 src/ASF/sam/drivers/pio/pio_handler.o
 .debug_aranges
                0x000002d0      0x270 src/ASF/sam/drivers/pmc/pmc.o
 .debug_aranges
                0x00000540       0xe8 src/ASF/sam/drivers/twihs/twihs.o
 .debug_aranges
                0x00000628       0xd8 src/ASF/sam/drivers/uart/uart.o
 .debug_aranges
                0x00000700      0x2a8 src/ASF/sam/drivers/usart/usart.o
 .debug_aranges
                0x000009a8       0x28 src/ASF/sam/utils/cmsis/same70/source/templates/gcc/startup_same70.o
 .debug_aranges
                0x000009d0       0x30 src/ASF/sam/utils/cmsis/same70/source/templates/system_same70.o
 .debug_aranges
                0x00000a00       0x60 src/ASF/sam/utils/syscalls/gcc/syscalls.o
 .debug_aranges
                0x00000a60       0xf8 src/twihs_master_example.o

.debug_ranges   0x00000000      0xbb8
 .debug_ranges  0x00000000       0x30 src/ASF/common/services/clock/same70/sysclk.o
 .debug_ranges  0x00000030       0x18 src/ASF/common/utils/interrupt/interrupt_sam_nvic.o
 .debug_ranges  0x00000048       0x10 src/ASF/common/utils/stdio/read.o
 .debug_ranges  0x00000058       0x10 src/ASF/common/utils/stdio/write.o
 .debug_ranges  0x00000068       0x10 src/ASF/sam/boards/same70_xplained/init.o
 .debug_ranges  0x00000078      0x2a0 src/ASF/sam/drivers/pio/pio.o
 .debug_ranges  0x00000318       0x68 src/ASF/sam/drivers/pio/pio_handler.o
 .debug_ranges  0x00000380      0x260 src/ASF/sam/drivers/pmc/pmc.o
 .debug_ranges  0x000005e0       0xd8 src/ASF/sam/drivers/twihs/twihs.o
 .debug_ranges  0x000006b8       0xc8 src/ASF/sam/drivers/uart/uart.o
 .debug_ranges  0x00000780      0x298 src/ASF/sam/drivers/usart/usart.o
 .debug_ranges  0x00000a18       0x18 src/ASF/sam/utils/cmsis/same70/source/templates/gcc/startup_same70.o
 .debug_ranges  0x00000a30       0x20 src/ASF/sam/utils/cmsis/same70/source/templates/system_same70.o
 .debug_ranges  0x00000a50       0x50 src/ASF/sam/utils/syscalls/gcc/syscalls.o
 .debug_ranges  0x00000aa0      0x118 src/twihs_master_example.o

.debug_macro    0x00000000    0x205b7
 .debug_macro   0x00000000      0x706 src/ASF/common/services/clock/same70/sysclk.o
 .debug_macro   0x00000706      0x8ce src/ASF/common/services/clock/same70/sysclk.o
 .debug_macro   0x00000fd4      0x71d src/ASF/common/services/clock/same70/sysclk.o
 .debug_macro   0x000016f1       0x3a src/ASF/common/services/clock/same70/sysclk.o
 .debug_macro   0x0000172b      0x16d src/ASF/common/services/clock/same70/sysclk.o
 .debug_macro   0x00001898       0x76 src/ASF/common/services/clock/same70/sysclk.o
 .debug_macro   0x0000190e       0x16 src/ASF/common/services/clock/same70/sysclk.o
 .debug_macro   0x00001924      0x6da src/ASF/common/services/clock/same70/sysclk.o
 .debug_macro   0x00001ffe       0x22 src/ASF/common/services/clock/same70/sysclk.o
 .debug_macro   0x00002020       0x87 src/ASF/common/services/clock/same70/sysclk.o
 .debug_macro   0x000020a7       0x51 src/ASF/common/services/clock/same70/sysclk.o
 .debug_macro   0x000020f8       0xef src/ASF/common/services/clock/same70/sysclk.o
 .debug_macro   0x000021e7       0x6a src/ASF/common/services/clock/same70/sysclk.o
 .debug_macro   0x00002251      0x1df src/ASF/common/services/clock/same70/sysclk.o
 .debug_macro   0x00002430       0x51 src/ASF/common/services/clock/same70/sysclk.o
 .debug_macro   0x00002481       0x1c src/ASF/common/services/clock/same70/sysclk.o
 .debug_macro   0x0000249d       0x22 src/ASF/common/services/clock/same70/sysclk.o
 .debug_macro   0x000024bf       0xdf src/ASF/common/services/clock/same70/sysclk.o
 .debug_macro   0x0000259e     0x12cd src/ASF/common/services/clock/same70/sysclk.o
 .debug_macro   0x0000386b      0x11f src/ASF/common/services/clock/same70/sysclk.o
 .debug_macro   0x0000398a       0x19 src/ASF/common/services/clock/same70/sysclk.o
 .debug_macro   0x000039a3      0x191 src/ASF/common/services/clock/same70/sysclk.o
 .debug_macro   0x00003b34      0x2ee src/ASF/common/services/clock/same70/sysclk.o
 .debug_macro   0x00003e22      0xa23 src/ASF/common/services/clock/same70/sysclk.o
 .debug_macro   0x00004845      0x1b4 src/ASF/common/services/clock/same70/sysclk.o
 .debug_macro   0x000049f9      0x35f src/ASF/common/services/clock/same70/sysclk.o
 .debug_macro   0x00004d58      0x15a src/ASF/common/services/clock/same70/sysclk.o
 .debug_macro   0x00004eb2     0x18b3 src/ASF/common/services/clock/same70/sysclk.o
 .debug_macro   0x00006765       0x1c src/ASF/common/services/clock/same70/sysclk.o
 .debug_macro   0x00006781      0x6a2 src/ASF/common/services/clock/same70/sysclk.o
 .debug_macro   0x00006e23      0x27f src/ASF/common/services/clock/same70/sysclk.o
 .debug_macro   0x000070a2      0x3ba src/ASF/common/services/clock/same70/sysclk.o
 .debug_macro   0x0000745c      0x4f0 src/ASF/common/services/clock/same70/sysclk.o
 .debug_macro   0x0000794c      0x5cb src/ASF/common/services/clock/same70/sysclk.o
 .debug_macro   0x00007f17     0x1527 src/ASF/common/services/clock/same70/sysclk.o
 .debug_macro   0x0000943e     0x2a40 src/ASF/common/services/clock/same70/sysclk.o
 .debug_macro   0x0000be7e     0x113e src/ASF/common/services/clock/same70/sysclk.o
 .debug_macro   0x0000cfbc      0xcdb src/ASF/common/services/clock/same70/sysclk.o
 .debug_macro   0x0000dc97      0x3c6 src/ASF/common/services/clock/same70/sysclk.o
 .debug_macro   0x0000e05d       0xa0 src/ASF/common/services/clock/same70/sysclk.o
 .debug_macro   0x0000e0fd       0x76 src/ASF/common/services/clock/same70/sysclk.o
 .debug_macro   0x0000e173      0x442 src/ASF/common/services/clock/same70/sysclk.o
 .debug_macro   0x0000e5b5       0x64 src/ASF/common/services/clock/same70/sysclk.o
 .debug_macro   0x0000e619      0x299 src/ASF/common/services/clock/same70/sysclk.o
 .debug_macro   0x0000e8b2      0x201 src/ASF/common/services/clock/same70/sysclk.o
 .debug_macro   0x0000eab3      0x280 src/ASF/common/services/clock/same70/sysclk.o
 .debug_macro   0x0000ed33      0x539 src/ASF/common/services/clock/same70/sysclk.o
 .debug_macro   0x0000f26c      0x64f src/ASF/common/services/clock/same70/sysclk.o
 .debug_macro   0x0000f8bb      0x6fd src/ASF/common/services/clock/same70/sysclk.o
 .debug_macro   0x0000ffb8       0x64 src/ASF/common/services/clock/same70/sysclk.o
 .debug_macro   0x0001001c      0x4c4 src/ASF/common/services/clock/same70/sysclk.o
 .debug_macro   0x000104e0      0x237 src/ASF/common/services/clock/same70/sysclk.o
 .debug_macro   0x00010717      0xa06 src/ASF/common/services/clock/same70/sysclk.o
 .debug_macro   0x0001111d     0x14ec src/ASF/common/services/clock/same70/sysclk.o
 .debug_macro   0x00012609       0x40 src/ASF/common/services/clock/same70/sysclk.o
 .debug_macro   0x00012649       0x76 src/ASF/common/services/clock/same70/sysclk.o
 .debug_macro   0x000126bf      0xdd1 src/ASF/common/services/clock/same70/sysclk.o
 .debug_macro   0x00013490       0x88 src/ASF/common/services/clock/same70/sysclk.o
 .debug_macro   0x00013518       0x7c src/ASF/common/services/clock/same70/sysclk.o
 .debug_macro   0x00013594       0x52 src/ASF/common/services/clock/same70/sysclk.o
 .debug_macro   0x000135e6      0x133 src/ASF/common/services/clock/same70/sysclk.o
 .debug_macro   0x00013719      0x133 src/ASF/common/services/clock/same70/sysclk.o
 .debug_macro   0x0001384c      0x133 src/ASF/common/services/clock/same70/sysclk.o
 .debug_macro   0x0001397f       0x76 src/ASF/common/services/clock/same70/sysclk.o
 .debug_macro   0x000139f5       0x76 src/ASF/common/services/clock/same70/sysclk.o
 .debug_macro   0x00013a6b      0x2fe src/ASF/common/services/clock/same70/sysclk.o
 .debug_macro   0x00013d69       0xca src/ASF/common/services/clock/same70/sysclk.o
 .debug_macro   0x00013e33       0xca src/ASF/common/services/clock/same70/sysclk.o
 .debug_macro   0x00013efd       0xca src/ASF/common/services/clock/same70/sysclk.o
 .debug_macro   0x00013fc7      0x13b src/ASF/common/services/clock/same70/sysclk.o
 .debug_macro   0x00014102      0x13b src/ASF/common/services/clock/same70/sysclk.o
 .debug_macro   0x0001423d      0x2cd src/ASF/common/services/clock/same70/sysclk.o
 .debug_macro   0x0001450a       0xbe src/ASF/common/services/clock/same70/sysclk.o
 .debug_macro   0x000145c8       0x64 src/ASF/common/services/clock/same70/sysclk.o
 .debug_macro   0x0001462c       0x46 src/ASF/common/services/clock/same70/sysclk.o
 .debug_macro   0x00014672       0x64 src/ASF/common/services/clock/same70/sysclk.o
 .debug_macro   0x000146d6       0xa6 src/ASF/common/services/clock/same70/sysclk.o
 .debug_macro   0x0001477c      0x4b7 src/ASF/common/services/clock/same70/sysclk.o
 .debug_macro   0x00014c33      0x133 src/ASF/common/services/clock/same70/sysclk.o
 .debug_macro   0x00014d66       0x52 src/ASF/common/services/clock/same70/sysclk.o
 .debug_macro   0x00014db8      0x2fe src/ASF/common/services/clock/same70/sysclk.o
 .debug_macro   0x000150b6       0x76 src/ASF/common/services/clock/same70/sysclk.o
 .debug_macro   0x0001512c       0xbe src/ASF/common/services/clock/same70/sysclk.o
 .debug_macro   0x000151ea       0x70 src/ASF/common/services/clock/same70/sysclk.o
 .debug_macro   0x0001525a       0x34 src/ASF/common/services/clock/same70/sysclk.o
 .debug_macro   0x0001528e      0x9b8 src/ASF/common/services/clock/same70/sysclk.o
 .debug_macro   0x00015c46       0x70 src/ASF/common/services/clock/same70/sysclk.o
 .debug_macro   0x00015cb6       0x8e src/ASF/common/services/clock/same70/sysclk.o
 .debug_macro   0x00015d44       0x5e src/ASF/common/services/clock/same70/sysclk.o
 .debug_macro   0x00015da2       0xfa src/ASF/common/services/clock/same70/sysclk.o
 .debug_macro   0x00015e9c       0x4c src/ASF/common/services/clock/same70/sysclk.o
 .debug_macro   0x00015ee8       0x4c src/ASF/common/services/clock/same70/sysclk.o
 .debug_macro   0x00015f34       0x16 src/ASF/common/services/clock/same70/sysclk.o
 .debug_macro   0x00015f4a       0xfa src/ASF/common/services/clock/same70/sysclk.o
 .debug_macro   0x00016044       0x52 src/ASF/common/services/clock/same70/sysclk.o
 .debug_macro   0x00016096       0x16 src/ASF/common/services/clock/same70/sysclk.o
 .debug_macro   0x000160ac       0x52 src/ASF/common/services/clock/same70/sysclk.o
 .debug_macro   0x000160fe       0x2e src/ASF/common/services/clock/same70/sysclk.o
 .debug_macro   0x0001612c      0x1b3 src/ASF/common/services/clock/same70/sysclk.o
 .debug_macro   0x000162df      0x1b3 src/ASF/common/services/clock/same70/sysclk.o
 .debug_macro   0x00016492      0x1b3 src/ASF/common/services/clock/same70/sysclk.o
 .debug_macro   0x00016645      0x1b3 src/ASF/common/services/clock/same70/sysclk.o
 .debug_macro   0x000167f8      0x1b3 src/ASF/common/services/clock/same70/sysclk.o
 .debug_macro   0x000169ab       0x1c src/ASF/common/services/clock/same70/sysclk.o
 .debug_macro   0x000169c7       0x34 src/ASF/common/services/clock/same70/sysclk.o
 .debug_macro   0x000169fb       0x22 src/ASF/common/services/clock/same70/sysclk.o
 .debug_macro   0x00016a1d       0x1c src/ASF/common/services/clock/same70/sysclk.o
 .debug_macro   0x00016a39       0x5e src/ASF/common/services/clock/same70/sysclk.o
 .debug_macro   0x00016a97       0x10 src/ASF/common/services/clock/same70/sysclk.o
 .debug_macro   0x00016aa7       0x1c src/ASF/common/services/clock/same70/sysclk.o
 .debug_macro   0x00016ac3       0x52 src/ASF/common/services/clock/same70/sysclk.o
 .debug_macro   0x00016b15       0x52 src/ASF/common/services/clock/same70/sysclk.o
 .debug_macro   0x00016b67       0x52 src/ASF/common/services/clock/same70/sysclk.o
 .debug_macro   0x00016bb9      0x33e src/ASF/common/services/clock/same70/sysclk.o
 .debug_macro   0x00016ef7     0x10ab src/ASF/common/services/clock/same70/sysclk.o
 .debug_macro   0x00017fa2      0x107 src/ASF/common/services/clock/same70/sysclk.o
 .debug_macro   0x000180a9       0x58 src/ASF/common/services/clock/same70/sysclk.o
 .debug_macro   0x00018101       0x35 src/ASF/common/services/clock/same70/sysclk.o
 .debug_macro   0x00018136       0x9c src/ASF/common/services/clock/same70/sysclk.o
 .debug_macro   0x000181d2       0x16 src/ASF/common/services/clock/same70/sysclk.o
 .debug_macro   0x000181e8       0x35 src/ASF/common/services/clock/same70/sysclk.o
 .debug_macro   0x0001821d      0x34d src/ASF/common/services/clock/same70/sysclk.o
 .debug_macro   0x0001856a       0x10 src/ASF/common/services/clock/same70/sysclk.o
 .debug_macro   0x0001857a       0x58 src/ASF/common/services/clock/same70/sysclk.o
 .debug_macro   0x000185d2       0x1f src/ASF/common/services/clock/same70/sysclk.o
 .debug_macro   0x000185f1       0x43 src/ASF/common/services/clock/same70/sysclk.o
 .debug_macro   0x00018634       0x20 src/ASF/common/services/clock/same70/sysclk.o
 .debug_macro   0x00018654      0x187 src/ASF/common/services/clock/same70/sysclk.o
 .debug_macro   0x000187db       0x10 src/ASF/common/services/clock/same70/sysclk.o
 .debug_macro   0x000187eb       0x1c src/ASF/common/services/clock/same70/sysclk.o
 .debug_macro   0x00018807       0x52 src/ASF/common/services/clock/same70/sysclk.o
 .debug_macro   0x00018859       0x40 src/ASF/common/services/clock/same70/sysclk.o
 .debug_macro   0x00018899       0x10 src/ASF/common/services/clock/same70/sysclk.o
 .debug_macro   0x000188a9       0x40 src/ASF/common/services/clock/same70/sysclk.o
 .debug_macro   0x000188e9       0xd7 src/ASF/common/services/clock/same70/sysclk.o
 .debug_macro   0x000189c0       0x16 src/ASF/common/services/clock/same70/sysclk.o
 .debug_macro   0x000189d6      0x18b src/ASF/common/services/clock/same70/sysclk.o
 .debug_macro   0x00018b61       0x22 src/ASF/common/services/clock/same70/sysclk.o
 .debug_macro   0x00018b83       0x16 src/ASF/common/services/clock/same70/sysclk.o
 .debug_macro   0x00018b99       0x16 src/ASF/common/services/clock/same70/sysclk.o
 .debug_macro   0x00018baf       0x29 src/ASF/common/services/clock/same70/sysclk.o
 .debug_macro   0x00018bd8       0x73 src/ASF/common/services/clock/same70/sysclk.o
 .debug_macro   0x00018c4b       0x3e src/ASF/common/services/clock/same70/sysclk.o
 .debug_macro   0x00018c89      0x3ca src/ASF/common/services/clock/same70/sysclk.o
 .debug_macro   0x00019053      0x2d9 src/ASF/common/services/clock/same70/sysclk.o
 .debug_macro   0x0001932c      0xa91 src/ASF/common/services/clock/same70/sysclk.o
 .debug_macro   0x00019dbd       0x70 src/ASF/common/services/clock/same70/sysclk.o
 .debug_macro   0x00019e2d       0x64 src/ASF/common/services/clock/same70/sysclk.o
 .debug_macro   0x00019e91       0x5f src/ASF/common/services/clock/same70/sysclk.o
 .debug_macro   0x00019ef0       0xac src/ASF/common/services/clock/same70/sysclk.o
 .debug_macro   0x00019f9c      0x68a src/ASF/common/utils/interrupt/interrupt_sam_nvic.o
 .debug_macro   0x0001a626      0x68a src/ASF/common/utils/stdio/read.o
 .debug_macro   0x0001acb0      0x68a src/ASF/common/utils/stdio/write.o
 .debug_macro   0x0001b33a      0x742 src/ASF/sam/boards/same70_xplained/init.o
 .debug_macro   0x0001ba7c       0x28 src/ASF/sam/boards/same70_xplained/init.o
 .debug_macro   0x0001baa4       0x82 src/ASF/sam/boards/same70_xplained/init.o
 .debug_macro   0x0001bb26       0x94 src/ASF/sam/boards/same70_xplained/init.o
 .debug_macro   0x0001bbba      0x6a1 src/ASF/sam/drivers/pio/pio.o
 .debug_macro   0x0001c25b       0x8e src/ASF/sam/drivers/pio/pio.o
 .debug_macro   0x0001c2e9      0x6ac src/ASF/sam/drivers/pio/pio_handler.o